\BOOKMARK [0][-]{chapter.1}{\376\377\0001\000\040\000\315\000n\000d\000i\000c\000e\000\040\000d\000e\000\040\000e\000s\000t\000r\000u\000c\000t\000u\000r\000a\000s\000\040\000d\000e\000\040\000d\000a\000t\000o\000s}{}% 1
\BOOKMARK [1][-]{section.1.1}{\376\377\0001\000.\0001\000\040\000E\000s\000t\000r\000u\000c\000t\000u\000r\000a\000s\000\040\000d\000e\000\040\000d\000a\000t\000o\000s}{chapter.1}% 2
\BOOKMARK [0][-]{chapter.2}{\376\377\0002\000\040\000\315\000n\000d\000i\000c\000e\000\040\000d\000e\000\040\000a\000r\000c\000h\000i\000v\000o\000s}{}% 3
\BOOKMARK [1][-]{section.2.1}{\376\377\0002\000.\0001\000\040\000L\000i\000s\000t\000a\000\040\000d\000e\000\040\000a\000r\000c\000h\000i\000v\000o\000s}{chapter.2}% 4
\BOOKMARK [0][-]{chapter.3}{\376\377\0003\000\040\000D\000o\000c\000u\000m\000e\000n\000t\000a\000c\000i\000\363\000n\000\040\000d\000e\000\040\000e\000s\000t\000r\000u\000c\000t\000u\000r\000a\000s\000\040\000d\000e\000\040\000d\000a\000t\000o\000s}{}% 5
\BOOKMARK [1][-]{section.3.1}{\376\377\0003\000.\0001\000\040\000R\000e\000f\000e\000r\000e\000n\000c\000i\000a\000\040\000d\000e\000\040\000l\000a\000\040\000e\000s\000t\000r\000u\000c\000t\000u\000r\000a\000\040\000f\000a\000n\000\137\000s\000c\000h\000e\000d\000u\000l\000e\000\137\000t}{chapter.3}% 6
\BOOKMARK [2][-]{subsection.3.1.1}{\376\377\0003\000.\0001\000.\0001\000\040\000D\000e\000s\000c\000r\000i\000p\000c\000i\000\363\000n\000\040\000d\000e\000t\000a\000l\000l\000a\000d\000a}{section.3.1}% 7
\BOOKMARK [2][-]{subsection.3.1.2}{\376\377\0003\000.\0001\000.\0002\000\040\000D\000o\000c\000u\000m\000e\000n\000t\000a\000c\000i\000\363\000n\000\040\000d\000e\000\040\000c\000a\000m\000p\000o\000s}{section.3.1}% 8
\BOOKMARK [3][-]{subsubsection.3.1.2.1}{\376\377\0003\000.\0001\000.\0002\000.\0001\000\040\000e\000n\000d\000\137\000h\000o\000u\000r}{subsection.3.1.2}% 9
\BOOKMARK [3][-]{subsubsection.3.1.2.2}{\376\377\0003\000.\0001\000.\0002\000.\0002\000\040\000m\000i\000n\000\137\000t\000e\000m\000p}{subsection.3.1.2}% 10
\BOOKMARK [3][-]{subsubsection.3.1.2.3}{\376\377\0003\000.\0001\000.\0002\000.\0003\000\040\000s\000t\000a\000r\000t\000\137\000h\000o\000u\000r}{subsection.3.1.2}% 11
\BOOKMARK [1][-]{section.3.2}{\376\377\0003\000.\0002\000\040\000R\000e\000f\000e\000r\000e\000n\000c\000i\000a\000\040\000d\000e\000\040\000l\000a\000\040\000e\000s\000t\000r\000u\000c\000t\000u\000r\000a\000\040\000g\000p\000i\000o\000\137\000c\000o\000m\000m\000a\000n\000d\000\137\000t}{chapter.3}% 12
\BOOKMARK [2][-]{subsection.3.2.1}{\376\377\0003\000.\0002\000.\0001\000\040\000D\000o\000c\000u\000m\000e\000n\000t\000a\000c\000i\000\363\000n\000\040\000d\000e\000\040\000c\000a\000m\000p\000o\000s}{section.3.2}% 13
\BOOKMARK [3][-]{subsubsection.3.2.1.1}{\376\377\0003\000.\0002\000.\0001\000.\0001\000\040\000c\000o\000m\000m\000a\000n\000d}{subsection.3.2.1}% 14
\BOOKMARK [3][-]{subsubsection.3.2.1.2}{\376\377\0003\000.\0002\000.\0001\000.\0002\000\040\000c\000o\000m\000m\000a\000n\000d\000\137\000i\000d}{subsection.3.2.1}% 15
\BOOKMARK [3][-]{subsubsection.3.2.1.3}{\376\377\0003\000.\0002\000.\0001\000.\0003\000\040\000r\000e\000s\000p\000o\000n\000s\000e}{subsection.3.2.1}% 16
\BOOKMARK [1][-]{section.3.3}{\376\377\0003\000.\0003\000\040\000R\000e\000f\000e\000r\000e\000n\000c\000i\000a\000\040\000d\000e\000\040\000l\000a\000\040\000e\000s\000t\000r\000u\000c\000t\000u\000r\000a\000\040\000n\000t\000c\000\137\000d\000a\000t\000a\000\137\000t}{chapter.3}% 17
\BOOKMARK [2][-]{subsection.3.3.1}{\376\377\0003\000.\0003\000.\0001\000\040\000D\000e\000s\000c\000r\000i\000p\000c\000i\000\363\000n\000\040\000d\000e\000t\000a\000l\000l\000a\000d\000a}{section.3.3}% 18
\BOOKMARK [2][-]{subsection.3.3.2}{\376\377\0003\000.\0003\000.\0002\000\040\000D\000o\000c\000u\000m\000e\000n\000t\000a\000c\000i\000\363\000n\000\040\000d\000e\000\040\000c\000a\000m\000p\000o\000s}{section.3.3}% 19
\BOOKMARK [3][-]{subsubsection.3.3.2.1}{\376\377\0003\000.\0003\000.\0002\000.\0001\000\040\000r\000a\000w\000\137\000a\000d\000c\000\137\000v\000a\000l\000u\000e}{subsection.3.3.2}% 20
\BOOKMARK [3][-]{subsubsection.3.3.2.2}{\376\377\0003\000.\0003\000.\0002\000.\0002\000\040\000r\000e\000s\000i\000s\000t\000a\000n\000c\000e}{subsection.3.3.2}% 21
\BOOKMARK [3][-]{subsubsection.3.3.2.3}{\376\377\0003\000.\0003\000.\0002\000.\0003\000\040\000t\000e\000m\000p\000e\000r\000a\000t\000u\000r\000e\000\137\000c}{subsection.3.3.2}% 22
\BOOKMARK [1][-]{section.3.4}{\376\377\0003\000.\0004\000\040\000R\000e\000f\000e\000r\000e\000n\000c\000i\000a\000\040\000d\000e\000\040\000l\000a\000\040\000e\000s\000t\000r\000u\000c\000t\000u\000r\000a\000\040\000p\000i\000r\000\137\000e\000v\000e\000n\000t\000\137\000t}{chapter.3}% 23
\BOOKMARK [2][-]{subsection.3.4.1}{\376\377\0003\000.\0004\000.\0001\000\040\000D\000e\000s\000c\000r\000i\000p\000c\000i\000\363\000n\000\040\000d\000e\000t\000a\000l\000l\000a\000d\000a}{section.3.4}% 24
\BOOKMARK [2][-]{subsection.3.4.2}{\376\377\0003\000.\0004\000.\0002\000\040\000D\000o\000c\000u\000m\000e\000n\000t\000a\000c\000i\000\363\000n\000\040\000d\000e\000\040\000c\000a\000m\000p\000o\000s}{section.3.4}% 25
\BOOKMARK [3][-]{subsubsection.3.4.2.1}{\376\377\0003\000.\0004\000.\0002\000.\0001\000\040\000m\000o\000t\000i\000o\000n}{subsection.3.4.2}% 26
\BOOKMARK [1][-]{section.3.5}{\376\377\0003\000.\0005\000\040\000R\000e\000f\000e\000r\000e\000n\000c\000i\000a\000\040\000d\000e\000\040\000l\000a\000\040\000e\000s\000t\000r\000u\000c\000t\000u\000r\000a\000\040\000r\000e\000g\000i\000s\000t\000r\000o\000\137\000a\000c\000t\000i\000v\000o\000\137\000t}{chapter.3}% 27
\BOOKMARK [2][-]{subsection.3.5.1}{\376\377\0003\000.\0005\000.\0001\000\040\000D\000e\000s\000c\000r\000i\000p\000c\000i\000\363\000n\000\040\000d\000e\000t\000a\000l\000l\000a\000d\000a}{section.3.5}% 28
\BOOKMARK [2][-]{subsection.3.5.2}{\376\377\0003\000.\0005\000.\0002\000\040\000D\000o\000c\000u\000m\000e\000n\000t\000a\000c\000i\000\363\000n\000\040\000d\000e\000\040\000c\000a\000m\000p\000o\000s}{section.3.5}% 29
\BOOKMARK [3][-]{subsubsection.3.5.2.1}{\376\377\0003\000.\0005\000.\0002\000.\0001\000\040\000a\000c\000t\000i\000v\000o}{subsection.3.5.2}% 30
\BOOKMARK [3][-]{subsubsection.3.5.2.2}{\376\377\0003\000.\0005\000.\0002\000.\0002\000\040\000v\000e\000l\000o\000c\000i\000d\000a\000d}{subsection.3.5.2}% 31
\BOOKMARK [1][-]{section.3.6}{\376\377\0003\000.\0006\000\040\000R\000e\000f\000e\000r\000e\000n\000c\000i\000a\000\040\000d\000e\000\040\000l\000a\000\040\000e\000s\000t\000r\000u\000c\000t\000u\000r\000a\000\040\000s\000e\000s\000s\000i\000o\000n\000\137\000t}{chapter.3}% 32
\BOOKMARK [2][-]{subsection.3.6.1}{\376\377\0003\000.\0006\000.\0001\000\040\000D\000o\000c\000u\000m\000e\000n\000t\000a\000c\000i\000\363\000n\000\040\000d\000e\000\040\000c\000a\000m\000p\000o\000s}{section.3.6}% 33
\BOOKMARK [3][-]{subsubsection.3.6.1.1}{\376\377\0003\000.\0006\000.\0001\000.\0001\000\040\000a\000u\000t\000h\000e\000n\000t\000i\000c\000a\000t\000e\000d}{subsection.3.6.1}% 34
\BOOKMARK [3][-]{subsubsection.3.6.1.2}{\376\377\0003\000.\0006\000.\0001\000.\0002\000\040\000i\000p}{subsection.3.6.1}% 35
\BOOKMARK [3][-]{subsubsection.3.6.1.3}{\376\377\0003\000.\0006\000.\0001\000.\0003\000\040\000l\000a\000s\000t\000\137\000a\000c\000t\000i\000v\000i\000t\000y}{subsection.3.6.1}% 36
\BOOKMARK [1][-]{section.3.7}{\376\377\0003\000.\0007\000\040\000R\000e\000f\000e\000r\000e\000n\000c\000i\000a\000\040\000d\000e\000\040\000l\000a\000\040\000e\000s\000t\000r\000u\000c\000t\000u\000r\000a\000\040\000t\000e\000r\000m\000i\000n\000a\000l\000\137\000c\000o\000n\000t\000e\000x\000t\000\137\000t}{chapter.3}% 37
\BOOKMARK [2][-]{subsection.3.7.1}{\376\377\0003\000.\0007\000.\0001\000\040\000D\000o\000c\000u\000m\000e\000n\000t\000a\000c\000i\000\363\000n\000\040\000d\000e\000\040\000c\000a\000m\000p\000o\000s}{section.3.7}% 38
\BOOKMARK [3][-]{subsubsection.3.7.1.1}{\376\377\0003\000.\0007\000.\0001\000.\0001\000\040\000g\000p\000i\000o\000\137\000c\000o\000m\000m\000a\000n\000d\000\137\000q\000u\000e\000u\000e}{subsection.3.7.1}% 39
\BOOKMARK [3][-]{subsubsection.3.7.1.2}{\376\377\0003\000.\0007\000.\0001\000.\0002\000\040\000g\000p\000i\000o\000\137\000r\000e\000s\000p\000o\000n\000s\000e\000\137\000q\000u\000e\000u\000e}{subsection.3.7.1}% 40
\BOOKMARK [1][-]{section.3.8}{\376\377\0003\000.\0008\000\040\000R\000e\000f\000e\000r\000e\000n\000c\000i\000a\000\040\000d\000e\000\040\000l\000a\000\040\000e\000s\000t\000r\000u\000c\000t\000u\000r\000a\000\040\000w\000e\000b\000s\000e\000r\000v\000e\000r\000\137\000c\000o\000n\000t\000e\000x\000t\000\137\000t}{chapter.3}% 41
\BOOKMARK [2][-]{subsection.3.8.1}{\376\377\0003\000.\0008\000.\0001\000\040\000D\000o\000c\000u\000m\000e\000n\000t\000a\000c\000i\000\363\000n\000\040\000d\000e\000\040\000c\000a\000m\000p\000o\000s}{section.3.8}% 42
\BOOKMARK [3][-]{subsubsection.3.8.1.1}{\376\377\0003\000.\0008\000.\0001\000.\0001\000\040\000c\000o\000m\000m\000a\000n\000d\000\137\000i\000d\000\137\000c\000o\000u\000n\000t\000e\000r}{subsection.3.8.1}% 43
\BOOKMARK [3][-]{subsubsection.3.8.1.2}{\376\377\0003\000.\0008\000.\0001\000.\0002\000\040\000c\000o\000m\000m\000a\000n\000d\000\137\000i\000d\000\137\000m\000u\000t\000e\000x}{subsection.3.8.1}% 44
\BOOKMARK [3][-]{subsubsection.3.8.1.3}{\376\377\0003\000.\0008\000.\0001\000.\0003\000\040\000g\000p\000i\000o\000\137\000c\000o\000m\000m\000a\000n\000d\000\137\000q\000u\000e\000u\000e}{subsection.3.8.1}% 45
\BOOKMARK [3][-]{subsubsection.3.8.1.4}{\376\377\0003\000.\0008\000.\0001\000.\0004\000\040\000g\000p\000i\000o\000\137\000r\000e\000s\000p\000o\000n\000s\000e\000\137\000q\000u\000e\000u\000e}{subsection.3.8.1}% 46
\BOOKMARK [3][-]{subsubsection.3.8.1.5}{\376\377\0003\000.\0008\000.\0001\000.\0005\000\040\000s\000e\000r\000v\000e\000r}{subsection.3.8.1}% 47
\BOOKMARK [3][-]{subsubsection.3.8.1.6}{\376\377\0003\000.\0008\000.\0001\000.\0006\000\040\000s\000e\000s\000s\000i\000o\000n\000\137\000m\000u\000t\000e\000x}{subsection.3.8.1}% 48
\BOOKMARK [3][-]{subsubsection.3.8.1.7}{\376\377\0003\000.\0008\000.\0001\000.\0007\000\040\000s\000e\000s\000s\000i\000o\000n\000s}{subsection.3.8.1}% 49
\BOOKMARK [0][-]{chapter.4}{\376\377\0004\000\040\000D\000o\000c\000u\000m\000e\000n\000t\000a\000c\000i\000\363\000n\000\040\000d\000e\000\040\000a\000r\000c\000h\000i\000v\000o\000s}{}% 50
\BOOKMARK [1][-]{section.4.1}{\376\377\0004\000.\0001\000\040\000R\000e\000f\000e\000r\000e\000n\000c\000i\000a\000\040\000d\000e\000l\000\040\000a\000r\000c\000h\000i\000v\000o\000\040\000f\000r\000o\000n\000t\000/\000s\000c\000r\000i\000p\000t\000.\000j\000s}{chapter.4}% 51
\BOOKMARK [1][-]{section.4.2}{\376\377\0004\000.\0002\000\040\000R\000e\000f\000e\000r\000e\000n\000c\000i\000a\000\040\000d\000e\000l\000\040\000a\000r\000c\000h\000i\000v\000o\000\040\000m\000a\000i\000n\000/\000f\000a\000n\000\137\000c\000o\000n\000t\000r\000o\000l\000.\000c}{chapter.4}% 52
\BOOKMARK [2][-]{subsection.4.2.1}{\376\377\0004\000.\0002\000.\0001\000\040\000D\000e\000s\000c\000r\000i\000p\000c\000i\000\363\000n\000\040\000d\000e\000t\000a\000l\000l\000a\000d\000a}{section.4.2}% 53
\BOOKMARK [2][-]{subsection.4.2.2}{\376\377\0004\000.\0002\000.\0002\000\040\000H\000a\000r\000d\000w\000a\000r\000e}{section.4.2}% 54
\BOOKMARK [2][-]{subsection.4.2.3}{\376\377\0004\000.\0002\000.\0003\000\040\000C\000a\000r\000a\000c\000t\000e\000r\000\355\000s\000t\000i\000c\000a\000s}{section.4.2}% 55
\BOOKMARK [2][-]{subsection.4.2.4}{\376\377\0004\000.\0002\000.\0004\000\040\000M\000o\000d\000o\000s\000\040\000d\000e\000\040\000o\000p\000e\000r\000a\000c\000i\000\363\000n}{section.4.2}% 56
\BOOKMARK [2][-]{subsection.4.2.5}{\376\377\0004\000.\0002\000.\0005\000\040\000D\000o\000c\000u\000m\000e\000n\000t\000a\000c\000i\000\363\000n\000\040\000d\000e\000\040\000\253\000d\000e\000f\000i\000n\000e\000\273}{section.4.2}% 57
\BOOKMARK [3][-]{subsubsection.4.2.5.1}{\376\377\0004\000.\0002\000.\0005\000.\0001\000\040\000F\000A\000N\000\137\000A\000U\000T\000O\000\137\000T\000E\000M\000P\000\137\000T\000A\000S\000K\000\137\000P\000R\000I\000O\000R\000I\000T\000Y}{subsection.4.2.5}% 58
\BOOKMARK [3][-]{subsubsection.4.2.5.2}{\376\377\0004\000.\0002\000.\0005\000.\0002\000\040\000F\000A\000N\000\137\000A\000U\000T\000O\000\137\000T\000E\000M\000P\000\137\000T\000A\000S\000K\000\137\000S\000T\000A\000C\000K\000\137\000S\000I\000Z\000E}{subsection.4.2.5}% 59
\BOOKMARK [3][-]{subsubsection.4.2.5.3}{\376\377\0004\000.\0002\000.\0005\000.\0003\000\040\000F\000A\000N\000\137\000A\000U\000T\000O\000\137\000T\000E\000M\000P\000\137\000U\000P\000D\000A\000T\000E\000\137\000I\000N\000T\000E\000R\000V\000A\000L\000\137\000M\000S}{subsection.4.2.5}% 60
\BOOKMARK [3][-]{subsubsection.4.2.5.4}{\376\377\0004\000.\0002\000.\0005\000.\0004\000\040\000F\000A\000N\000\137\000S\000C\000H\000E\000D\000U\000L\000E\000\137\000T\000A\000S\000K\000\137\000P\000R\000I\000O\000R\000I\000T\000Y}{subsection.4.2.5}% 61
\BOOKMARK [3][-]{subsubsection.4.2.5.5}{\376\377\0004\000.\0002\000.\0005\000.\0005\000\040\000F\000A\000N\000\137\000S\000C\000H\000E\000D\000U\000L\000E\000\137\000T\000A\000S\000K\000\137\000S\000T\000A\000C\000K\000\137\000S\000I\000Z\000E}{subsection.4.2.5}% 62
\BOOKMARK [3][-]{subsubsection.4.2.5.6}{\376\377\0004\000.\0002\000.\0005\000.\0006\000\040\000F\000A\000N\000\137\000S\000C\000H\000E\000D\000U\000L\000E\000\137\000U\000P\000D\000A\000T\000E\000\137\000I\000N\000T\000E\000R\000V\000A\000L\000\137\000M\000S}{subsection.4.2.5}% 63
\BOOKMARK [2][-]{subsection.4.2.6}{\376\377\0004\000.\0002\000.\0006\000\040\000D\000o\000c\000u\000m\000e\000n\000t\000a\000c\000i\000\363\000n\000\040\000d\000e\000\040\000f\000u\000n\000c\000i\000o\000n\000e\000s}{section.4.2}% 64
\BOOKMARK [3][-]{subsubsection.4.2.6.1}{\376\377\0004\000.\0002\000.\0006\000.\0001\000\040\000c\000a\000l\000c\000u\000l\000a\000t\000e\000\137\000t\000e\000m\000p\000\137\000p\000e\000r\000c\000e\000n\000t\000\050\000\051}{subsection.4.2.6}% 65
\BOOKMARK [3][-]{subsubsection.4.2.6.2}{\376\377\0004\000.\0002\000.\0006\000.\0002\000\040\000f\000a\000n\000\137\000a\000u\000t\000o\000\137\000t\000e\000m\000p\000\137\000t\000a\000s\000k\000\050\000\051}{subsection.4.2.6}% 66
\BOOKMARK [3][-]{subsubsection.4.2.6.3}{\376\377\0004\000.\0002\000.\0006\000.\0003\000\040\000f\000a\000n\000\137\000g\000e\000t\000\137\000c\000u\000r\000r\000e\000n\000t\000\137\000p\000e\000r\000c\000e\000n\000t\000\050\000\051}{subsection.4.2.6}% 67
\BOOKMARK [3][-]{subsubsection.4.2.6.4}{\376\377\0004\000.\0002\000.\0006\000.\0004\000\040\000f\000a\000n\000\137\000g\000e\000t\000\137\000m\000o\000d\000e\000\050\000\051}{subsection.4.2.6}% 68
\BOOKMARK [3][-]{subsubsection.4.2.6.5}{\376\377\0004\000.\0002\000.\0006\000.\0005\000\040\000f\000a\000n\000\137\000i\000n\000i\000t\000\050\000\051}{subsection.4.2.6}% 69
\BOOKMARK [3][-]{subsubsection.4.2.6.6}{\376\377\0004\000.\0002\000.\0006\000.\0006\000\040\000f\000a\000n\000\137\000s\000c\000h\000e\000d\000u\000l\000e\000\137\000t\000a\000s\000k\000\050\000\051}{subsection.4.2.6}% 70
\BOOKMARK [3][-]{subsubsection.4.2.6.7}{\376\377\0004\000.\0002\000.\0006\000.\0007\000\040\000f\000a\000n\000\137\000s\000e\000t\000\137\000m\000a\000n\000u\000a\000l\000\137\000p\000e\000r\000c\000e\000n\000t\000\050\000\051}{subsection.4.2.6}% 71
\BOOKMARK [3][-]{subsubsection.4.2.6.8}{\376\377\0004\000.\0002\000.\0006\000.\0008\000\040\000f\000a\000n\000\137\000s\000e\000t\000\137\000m\000o\000d\000e\000\050\000\051}{subsection.4.2.6}% 72
\BOOKMARK [3][-]{subsubsection.4.2.6.9}{\376\377\0004\000.\0002\000.\0006\000.\0009\000\040\000f\000a\000n\000\137\000s\000e\000t\000\137\000s\000c\000h\000e\000d\000u\000l\000e\000\050\000\051}{subsection.4.2.6}% 73
\BOOKMARK [3][-]{subsubsection.4.2.6.10}{\376\377\0004\000.\0002\000.\0006\000.\0001\0000\000\040\000f\000a\000n\000\137\000s\000t\000a\000r\000t\000\137\000a\000u\000t\000o\000\137\000t\000e\000m\000p\000\137\000t\000a\000s\000k\000\050\000\051}{subsection.4.2.6}% 74
\BOOKMARK [3][-]{subsubsection.4.2.6.11}{\376\377\0004\000.\0002\000.\0006\000.\0001\0001\000\040\000f\000a\000n\000\137\000s\000t\000a\000r\000t\000\137\000s\000c\000h\000e\000d\000u\000l\000e\000\137\000t\000a\000s\000k\000\050\000\051}{subsection.4.2.6}% 75
\BOOKMARK [3][-]{subsubsection.4.2.6.12}{\376\377\0004\000.\0002\000.\0006\000.\0001\0002\000\040\000f\000a\000n\000\137\000u\000p\000d\000a\000t\000e\000\137\000a\000u\000t\000o\000\137\000t\000e\000m\000p\000\050\000\051}{subsection.4.2.6}% 76
\BOOKMARK [3][-]{subsubsection.4.2.6.13}{\376\377\0004\000.\0002\000.\0006\000.\0001\0003\000\040\000f\000a\000n\000\137\000u\000p\000d\000a\000t\000e\000\137\000f\000r\000o\000m\000\137\000r\000e\000g\000i\000s\000t\000r\000o\000s\000\050\000\051}{subsection.4.2.6}% 77
\BOOKMARK [3][-]{subsubsection.4.2.6.14}{\376\377\0004\000.\0002\000.\0006\000.\0001\0004\000\040\000f\000a\000n\000\137\000u\000p\000d\000a\000t\000e\000\137\000s\000c\000h\000e\000d\000u\000l\000e\000\050\000\051}{subsection.4.2.6}% 78
\BOOKMARK [3][-]{subsubsection.4.2.6.15}{\376\377\0004\000.\0002\000.\0006\000.\0001\0005\000\040\000s\000e\000t\000\137\000f\000a\000n\000\137\000p\000w\000m\000\050\000\051}{subsection.4.2.6}% 79
\BOOKMARK [2][-]{subsection.4.2.7}{\376\377\0004\000.\0002\000.\0007\000\040\000D\000o\000c\000u\000m\000e\000n\000t\000a\000c\000i\000\363\000n\000\040\000d\000e\000\040\000v\000a\000r\000i\000a\000b\000l\000e\000s}{section.4.2}% 80
\BOOKMARK [3][-]{subsubsection.4.2.7.1}{\376\377\0004\000.\0002\000.\0007\000.\0001\000\040\000c\000u\000r\000r\000e\000n\000t\000\137\000m\000o\000d\000e}{subsection.4.2.7}% 81
\BOOKMARK [3][-]{subsubsection.4.2.7.2}{\376\377\0004\000.\0002\000.\0007\000.\0002\000\040\000c\000u\000r\000r\000e\000n\000t\000\137\000p\000w\000m\000\137\000p\000e\000r\000c\000e\000n\000t}{subsection.4.2.7}% 82
\BOOKMARK [3][-]{subsubsection.4.2.7.3}{\376\377\0004\000.\0002\000.\0007\000.\0003\000\040\000f\000a\000n\000\137\000s\000c\000h\000e\000d\000u\000l\000e}{subsection.4.2.7}% 83
\BOOKMARK [3][-]{subsubsection.4.2.7.4}{\376\377\0004\000.\0002\000.\0007\000.\0004\000\040\000m\000a\000n\000u\000a\000l\000\137\000p\000e\000r\000c\000e\000n\000t}{subsection.4.2.7}% 84
\BOOKMARK [3][-]{subsubsection.4.2.7.5}{\376\377\0004\000.\0002\000.\0007\000.\0005\000\040\000T\000A\000G}{subsection.4.2.7}% 85
\BOOKMARK [1][-]{section.4.3}{\376\377\0004\000.\0003\000\040\000R\000e\000f\000e\000r\000e\000n\000c\000i\000a\000\040\000d\000e\000l\000\040\000a\000r\000c\000h\000i\000v\000o\000\040\000m\000a\000i\000n\000/\000f\000a\000n\000\137\000c\000o\000n\000t\000r\000o\000l\000.\000h}{chapter.4}% 86
\BOOKMARK [2][-]{subsection.4.3.1}{\376\377\0004\000.\0003\000.\0001\000\040\000D\000e\000s\000c\000r\000i\000p\000c\000i\000\363\000n\000\040\000d\000e\000t\000a\000l\000l\000a\000d\000a}{section.4.3}% 87
\BOOKMARK [2][-]{subsection.4.3.2}{\376\377\0004\000.\0003\000.\0002\000\040\000H\000a\000r\000d\000w\000a\000r\000e}{section.4.3}% 88
\BOOKMARK [2][-]{subsection.4.3.3}{\376\377\0004\000.\0003\000.\0003\000\040\000C\000a\000r\000a\000c\000t\000e\000r\000\355\000s\000t\000i\000c\000a\000s}{section.4.3}% 89
\BOOKMARK [2][-]{subsection.4.3.4}{\376\377\0004\000.\0003\000.\0004\000\040\000M\000o\000d\000o\000s\000\040\000d\000e\000\040\000o\000p\000e\000r\000a\000c\000i\000\363\000n}{section.4.3}% 90
\BOOKMARK [2][-]{subsection.4.3.5}{\376\377\0004\000.\0003\000.\0005\000\040\000D\000o\000c\000u\000m\000e\000n\000t\000a\000c\000i\000\363\000n\000\040\000d\000e\000\040\000\253\000d\000e\000f\000i\000n\000e\000\273}{section.4.3}% 91
\BOOKMARK [3][-]{subsubsection.4.3.5.1}{\376\377\0004\000.\0003\000.\0005\000.\0001\000\040\000F\000A\000N\000\137\000D\000U\000T\000Y\000\137\000R\000E\000S}{subsection.4.3.5}% 92
\BOOKMARK [3][-]{subsubsection.4.3.5.2}{\376\377\0004\000.\0003\000.\0005\000.\0002\000\040\000F\000A\000N\000\137\000F\000R\000E\000Q\000U\000E\000N\000C\000Y}{subsection.4.3.5}% 93
\BOOKMARK [3][-]{subsubsection.4.3.5.3}{\376\377\0004\000.\0003\000.\0005\000.\0003\000\040\000F\000A\000N\000\137\000L\000E\000D\000C\000\137\000C\000H\000A\000N\000N\000E\000L}{subsection.4.3.5}% 94
\BOOKMARK [3][-]{subsubsection.4.3.5.4}{\376\377\0004\000.\0003\000.\0005\000.\0004\000\040\000F\000A\000N\000\137\000L\000E\000D\000C\000\137\000T\000I\000M\000E\000R}{subsection.4.3.5}% 95
\BOOKMARK [3][-]{subsubsection.4.3.5.5}{\376\377\0004\000.\0003\000.\0005\000.\0005\000\040\000F\000A\000N\000\137\000P\000W\000M\000\137\000P\000I\000N}{subsection.4.3.5}% 96
\BOOKMARK [3][-]{subsubsection.4.3.5.6}{\376\377\0004\000.\0003\000.\0005\000.\0006\000\040\000F\000A\000N\000\137\000T\000E\000M\000P\000\137\000H\000Y\000S\000T\000E\000R\000E\000S\000I\000S}{subsection.4.3.5}% 97
\BOOKMARK [3][-]{subsubsection.4.3.5.7}{\376\377\0004\000.\0003\000.\0005\000.\0007\000\040\000F\000A\000N\000\137\000T\000E\000M\000P\000\137\000M\000A\000X\000\137\000C}{subsection.4.3.5}% 98
\BOOKMARK [3][-]{subsubsection.4.3.5.8}{\376\377\0004\000.\0003\000.\0005\000.\0008\000\040\000F\000A\000N\000\137\000T\000E\000M\000P\000\137\000M\000I\000N\000\137\000C}{subsection.4.3.5}% 99
\BOOKMARK [2][-]{subsection.4.3.6}{\376\377\0004\000.\0003\000.\0006\000\040\000D\000o\000c\000u\000m\000e\000n\000t\000a\000c\000i\000\363\000n\000\040\000d\000e\000\040\000e\000n\000u\000m\000e\000r\000a\000c\000i\000o\000n\000e\000s}{section.4.3}% 100
\BOOKMARK [3][-]{subsubsection.4.3.6.1}{\376\377\0004\000.\0003\000.\0006\000.\0001\000\040\000f\000a\000n\000\137\000m\000o\000d\000e\000\137\000t}{subsection.4.3.6}% 101
\BOOKMARK [2][-]{subsection.4.3.7}{\376\377\0004\000.\0003\000.\0007\000\040\000D\000o\000c\000u\000m\000e\000n\000t\000a\000c\000i\000\363\000n\000\040\000d\000e\000\040\000f\000u\000n\000c\000i\000o\000n\000e\000s}{section.4.3}% 102
\BOOKMARK [3][-]{subsubsection.4.3.7.1}{\376\377\0004\000.\0003\000.\0007\000.\0001\000\040\000f\000a\000n\000\137\000g\000e\000t\000\137\000c\000u\000r\000r\000e\000n\000t\000\137\000p\000e\000r\000c\000e\000n\000t\000\050\000\051}{subsection.4.3.7}% 103
\BOOKMARK [3][-]{subsubsection.4.3.7.2}{\376\377\0004\000.\0003\000.\0007\000.\0002\000\040\000f\000a\000n\000\137\000g\000e\000t\000\137\000m\000o\000d\000e\000\050\000\051}{subsection.4.3.7}% 104
\BOOKMARK [3][-]{subsubsection.4.3.7.3}{\376\377\0004\000.\0003\000.\0007\000.\0003\000\040\000f\000a\000n\000\137\000i\000n\000i\000t\000\050\000\051}{subsection.4.3.7}% 105
\BOOKMARK [3][-]{subsubsection.4.3.7.4}{\376\377\0004\000.\0003\000.\0007\000.\0004\000\040\000f\000a\000n\000\137\000s\000e\000t\000\137\000m\000a\000n\000u\000a\000l\000\137\000p\000e\000r\000c\000e\000n\000t\000\050\000\051}{subsection.4.3.7}% 106
\BOOKMARK [3][-]{subsubsection.4.3.7.5}{\376\377\0004\000.\0003\000.\0007\000.\0005\000\040\000f\000a\000n\000\137\000s\000e\000t\000\137\000m\000o\000d\000e\000\050\000\051}{subsection.4.3.7}% 107
\BOOKMARK [3][-]{subsubsection.4.3.7.6}{\376\377\0004\000.\0003\000.\0007\000.\0006\000\040\000f\000a\000n\000\137\000s\000e\000t\000\137\000s\000c\000h\000e\000d\000u\000l\000e\000\050\000\051}{subsection.4.3.7}% 108
\BOOKMARK [3][-]{subsubsection.4.3.7.7}{\376\377\0004\000.\0003\000.\0007\000.\0007\000\040\000f\000a\000n\000\137\000s\000t\000a\000r\000t\000\137\000a\000u\000t\000o\000\137\000t\000e\000m\000p\000\137\000t\000a\000s\000k\000\050\000\051}{subsection.4.3.7}% 109
\BOOKMARK [3][-]{subsubsection.4.3.7.8}{\376\377\0004\000.\0003\000.\0007\000.\0008\000\040\000f\000a\000n\000\137\000s\000t\000a\000r\000t\000\137\000s\000c\000h\000e\000d\000u\000l\000e\000\137\000t\000a\000s\000k\000\050\000\051}{subsection.4.3.7}% 110
\BOOKMARK [3][-]{subsubsection.4.3.7.9}{\376\377\0004\000.\0003\000.\0007\000.\0009\000\040\000f\000a\000n\000\137\000u\000p\000d\000a\000t\000e\000\137\000a\000u\000t\000o\000\137\000t\000e\000m\000p\000\050\000\051}{subsection.4.3.7}% 111
\BOOKMARK [3][-]{subsubsection.4.3.7.10}{\376\377\0004\000.\0003\000.\0007\000.\0001\0000\000\040\000f\000a\000n\000\137\000u\000p\000d\000a\000t\000e\000\137\000f\000r\000o\000m\000\137\000r\000e\000g\000i\000s\000t\000r\000o\000s\000\050\000\051}{subsection.4.3.7}% 112
\BOOKMARK [3][-]{subsubsection.4.3.7.11}{\376\377\0004\000.\0003\000.\0007\000.\0001\0001\000\040\000f\000a\000n\000\137\000u\000p\000d\000a\000t\000e\000\137\000s\000c\000h\000e\000d\000u\000l\000e\000\050\000\051}{subsection.4.3.7}% 113
\BOOKMARK [1][-]{section.4.4}{\376\377\0004\000.\0004\000\040\000f\000a\000n\000\137\000c\000o\000n\000t\000r\000o\000l\000.\000h}{chapter.4}% 114
\BOOKMARK [1][-]{section.4.5}{\376\377\0004\000.\0005\000\040\000R\000e\000f\000e\000r\000e\000n\000c\000i\000a\000\040\000d\000e\000l\000\040\000a\000r\000c\000h\000i\000v\000o\000\040\000m\000a\000i\000n\000/\000m\000a\000i\000n\000.\000c}{chapter.4}% 115
\BOOKMARK [2][-]{subsection.4.5.1}{\376\377\0004\000.\0005\000.\0001\000\040\000D\000e\000s\000c\000r\000i\000p\000c\000i\000\363\000n\000\040\000d\000e\000t\000a\000l\000l\000a\000d\000a}{section.4.5}% 116
\BOOKMARK [2][-]{subsection.4.5.2}{\376\377\0004\000.\0005\000.\0002\000\040\000A\000r\000q\000u\000i\000t\000e\000c\000t\000u\000r\000a\000\040\000d\000e\000l\000\040\000s\000i\000s\000t\000e\000m\000a}{section.4.5}% 117
\BOOKMARK [2][-]{subsection.4.5.3}{\376\377\0004\000.\0005\000.\0003\000\040\000T\000a\000r\000e\000a\000s\000\040\000F\000r\000e\000e\000R\000T\000O\000S}{section.4.5}% 118
\BOOKMARK [2][-]{subsection.4.5.4}{\376\377\0004\000.\0005\000.\0004\000\040\000C\000o\000l\000a\000s\000\040\000F\000r\000e\000e\000R\000T\000O\000S}{section.4.5}% 119
\BOOKMARK [2][-]{subsection.4.5.5}{\376\377\0004\000.\0005\000.\0005\000\040\000S\000e\000m\000\341\000f\000o\000r\000o\000s\000\040\000F\000r\000e\000e\000R\000T\000O\000S}{section.4.5}% 120
\BOOKMARK [2][-]{subsection.4.5.6}{\376\377\0004\000.\0005\000.\0006\000\040\000D\000o\000c\000u\000m\000e\000n\000t\000a\000c\000i\000\363\000n\000\040\000d\000e\000\040\000f\000u\000n\000c\000i\000o\000n\000e\000s}{section.4.5}% 121
\BOOKMARK [3][-]{subsubsection.4.5.6.1}{\376\377\0004\000.\0005\000.\0006\000.\0001\000\040\000a\000p\000p\000\137\000m\000a\000i\000n\000\050\000\051}{subsection.4.5.6}% 122
\BOOKMARK [2][-]{subsection.4.5.7}{\376\377\0004\000.\0005\000.\0007\000\040\000D\000o\000c\000u\000m\000e\000n\000t\000a\000c\000i\000\363\000n\000\040\000d\000e\000\040\000v\000a\000r\000i\000a\000b\000l\000e\000s}{section.4.5}% 123
\BOOKMARK [3][-]{subsubsection.4.5.7.1}{\376\377\0004\000.\0005\000.\0007\000.\0001\000\040\000T\000A\000G}{subsection.4.5.7}% 124
\BOOKMARK [1][-]{section.4.6}{\376\377\0004\000.\0006\000\040\000R\000e\000f\000e\000r\000e\000n\000c\000i\000a\000\040\000d\000e\000l\000\040\000a\000r\000c\000h\000i\000v\000o\000\040\000m\000a\000i\000n\000/\000n\000t\000c\000\137\000s\000e\000n\000s\000o\000r\000.\000c}{chapter.4}% 125
\BOOKMARK [2][-]{subsection.4.6.1}{\376\377\0004\000.\0006\000.\0001\000\040\000D\000e\000s\000c\000r\000i\000p\000c\000i\000\363\000n\000\040\000d\000e\000t\000a\000l\000l\000a\000d\000a}{section.4.6}% 126
\BOOKMARK [2][-]{subsection.4.6.2}{\376\377\0004\000.\0006\000.\0002\000\040\000F\000u\000n\000c\000i\000o\000n\000a\000l\000i\000d\000a\000d\000e\000s}{section.4.6}% 127
\BOOKMARK [2][-]{subsection.4.6.3}{\376\377\0004\000.\0006\000.\0003\000\040\000H\000a\000r\000d\000w\000a\000r\000e}{section.4.6}% 128
\BOOKMARK [2][-]{subsection.4.6.4}{\376\377\0004\000.\0006\000.\0004\000\040\000C\000a\000r\000a\000c\000t\000e\000r\000\355\000s\000t\000i\000c\000a\000s}{section.4.6}% 129
\BOOKMARK [2][-]{subsection.4.6.5}{\376\377\0004\000.\0006\000.\0005\000\040\000D\000o\000c\000u\000m\000e\000n\000t\000a\000c\000i\000\363\000n\000\040\000d\000e\000\040\000\253\000d\000e\000f\000i\000n\000e\000\273}{section.4.6}% 130
\BOOKMARK [3][-]{subsubsection.4.6.5.1}{\376\377\0004\000.\0006\000.\0005\000.\0001\000\040\000A\000D\000C\000\137\000M\000A\000X\000\137\000V\000A\000L\000U\000E}{subsection.4.6.5}% 131
\BOOKMARK [3][-]{subsubsection.4.6.5.2}{\376\377\0004\000.\0006\000.\0005\000.\0002\000\040\000A\000D\000C\000\137\000M\000I\000N\000\137\000V\000A\000L\000U\000E}{subsection.4.6.5}% 132
\BOOKMARK [3][-]{subsubsection.4.6.5.3}{\376\377\0004\000.\0006\000.\0005\000.\0003\000\040\000A\000D\000C\000\137\000S\000T\000A\000B\000I\000L\000I\000Z\000A\000T\000I\000O\000N\000\137\000D\000E\000L\000A\000Y\000\137\000M\000S}{subsection.4.6.5}% 133
\BOOKMARK [3][-]{subsubsection.4.6.5.4}{\376\377\0004\000.\0006\000.\0005\000.\0004\000\040\000N\000T\000C\000\137\000T\000A\000S\000K\000\137\000P\000R\000I\000O\000R\000I\000T\000Y}{subsection.4.6.5}% 134
\BOOKMARK [3][-]{subsubsection.4.6.5.5}{\376\377\0004\000.\0006\000.\0005\000.\0005\000\040\000N\000T\000C\000\137\000T\000A\000S\000K\000\137\000S\000T\000A\000C\000K\000\137\000S\000I\000Z\000E}{subsection.4.6.5}% 135
\BOOKMARK [3][-]{subsubsection.4.6.5.6}{\376\377\0004\000.\0006\000.\0005\000.\0006\000\040\000R\000E\000S\000I\000S\000T\000A\000N\000C\000E\000\137\000M\000A\000X\000\137\000O\000H\000M\000S}{subsection.4.6.5}% 136
\BOOKMARK [3][-]{subsubsection.4.6.5.7}{\376\377\0004\000.\0006\000.\0005\000.\0007\000\040\000S\000E\000N\000S\000O\000R\000\137\000R\000E\000A\000D\000\137\000I\000N\000T\000E\000R\000V\000A\000L\000\137\000M\000S}{subsection.4.6.5}% 137
\BOOKMARK [3][-]{subsubsection.4.6.5.8}{\376\377\0004\000.\0006\000.\0005\000.\0008\000\040\000T\000E\000M\000P\000\137\000E\000R\000R\000O\000R\000\137\000V\000A\000L\000U\000E}{subsection.4.6.5}% 138
\BOOKMARK [2][-]{subsection.4.6.6}{\376\377\0004\000.\0006\000.\0006\000\040\000D\000o\000c\000u\000m\000e\000n\000t\000a\000c\000i\000\363\000n\000\040\000d\000e\000\040\000f\000u\000n\000c\000i\000o\000n\000e\000s}{section.4.6}% 139
\BOOKMARK [3][-]{subsubsection.4.6.6.1}{\376\377\0004\000.\0006\000.\0006\000.\0001\000\040\000a\000d\000c\000\137\000c\000a\000l\000i\000b\000r\000a\000t\000i\000o\000n\000\137\000i\000n\000i\000t\000\050\000\051}{subsection.4.6.6}% 140
\BOOKMARK [3][-]{subsubsection.4.6.6.2}{\376\377\0004\000.\0006\000.\0006\000.\0002\000\040\000n\000t\000c\000\137\000g\000e\000t\000\137\000c\000u\000r\000r\000e\000n\000t\000\137\000t\000e\000m\000p\000e\000r\000a\000t\000u\000r\000e\000\050\000\051}{subsection.4.6.6}% 141
\BOOKMARK [3][-]{subsubsection.4.6.6.3}{\376\377\0004\000.\0006\000.\0006\000.\0003\000\040\000n\000t\000c\000\137\000r\000e\000a\000d\000\137\000t\000e\000m\000p\000e\000r\000a\000t\000u\000r\000e\000\050\000\051}{subsection.4.6.6}% 142
\BOOKMARK [3][-]{subsubsection.4.6.6.4}{\376\377\0004\000.\0006\000.\0006\000.\0004\000\040\000n\000t\000c\000\137\000r\000e\000a\000d\000i\000n\000g\000\137\000t\000a\000s\000k\000\050\000\051}{subsection.4.6.6}% 143
\BOOKMARK [3][-]{subsubsection.4.6.6.5}{\376\377\0004\000.\0006\000.\0006\000.\0005\000\040\000n\000t\000c\000\137\000s\000e\000n\000s\000o\000r\000\137\000i\000n\000i\000t\000\050\000\051}{subsection.4.6.6}% 144
\BOOKMARK [3][-]{subsubsection.4.6.6.6}{\376\377\0004\000.\0006\000.\0006\000.\0006\000\040\000n\000t\000c\000\137\000s\000t\000a\000r\000t\000\137\000r\000e\000a\000d\000i\000n\000g\000\137\000t\000a\000s\000k\000\050\000\051}{subsection.4.6.6}% 145
\BOOKMARK [2][-]{subsection.4.6.7}{\376\377\0004\000.\0006\000.\0007\000\040\000D\000o\000c\000u\000m\000e\000n\000t\000a\000c\000i\000\363\000n\000\040\000d\000e\000\040\000v\000a\000r\000i\000a\000b\000l\000e\000s}{section.4.6}% 146
\BOOKMARK [3][-]{subsubsection.4.6.7.1}{\376\377\0004\000.\0006\000.\0007\000.\0001\000\040\000a\000d\000c\0001\000\137\000c\000a\000l\000i\000\137\000h\000a\000n\000d\000l\000e}{subsection.4.6.7}% 147
\BOOKMARK [3][-]{subsubsection.4.6.7.2}{\376\377\0004\000.\0006\000.\0007\000.\0002\000\040\000a\000d\000c\0001\000\137\000h\000a\000n\000d\000l\000e}{subsection.4.6.7}% 148
\BOOKMARK [3][-]{subsubsection.4.6.7.3}{\376\377\0004\000.\0006\000.\0007\000.\0003\000\040\000c\000u\000r\000r\000e\000n\000t\000\137\000n\000t\000c\000\137\000d\000a\000t\000a}{subsection.4.6.7}% 149
\BOOKMARK [3][-]{subsubsection.4.6.7.4}{\376\377\0004\000.\0006\000.\0007\000.\0004\000\040\000d\000a\000t\000a\000\137\000m\000u\000t\000e\000x}{subsection.4.6.7}% 150
\BOOKMARK [3][-]{subsubsection.4.6.7.5}{\376\377\0004\000.\0006\000.\0007\000.\0005\000\040\000d\000a\000t\000a\000\137\000r\000e\000a\000d\000y}{subsection.4.6.7}% 151
\BOOKMARK [3][-]{subsubsection.4.6.7.6}{\376\377\0004\000.\0006\000.\0007\000.\0006\000\040\000T\000A\000G}{subsection.4.6.7}% 152
\BOOKMARK [1][-]{section.4.7}{\376\377\0004\000.\0007\000\040\000R\000e\000f\000e\000r\000e\000n\000c\000i\000a\000\040\000d\000e\000l\000\040\000a\000r\000c\000h\000i\000v\000o\000\040\000m\000a\000i\000n\000/\000n\000t\000c\000\137\000s\000e\000n\000s\000o\000r\000.\000h}{chapter.4}% 153
\BOOKMARK [2][-]{subsection.4.7.1}{\376\377\0004\000.\0007\000.\0001\000\040\000D\000e\000s\000c\000r\000i\000p\000c\000i\000\363\000n\000\040\000d\000e\000t\000a\000l\000l\000a\000d\000a}{section.4.7}% 154
\BOOKMARK [2][-]{subsection.4.7.2}{\376\377\0004\000.\0007\000.\0002\000\040\000H\000a\000r\000d\000w\000a\000r\000e}{section.4.7}% 155
\BOOKMARK [2][-]{subsection.4.7.3}{\376\377\0004\000.\0007\000.\0003\000\040\000C\000a\000r\000a\000c\000t\000e\000r\000\355\000s\000t\000i\000c\000a\000s}{section.4.7}% 156
\BOOKMARK [2][-]{subsection.4.7.4}{\376\377\0004\000.\0007\000.\0004\000\040\000D\000o\000c\000u\000m\000e\000n\000t\000a\000c\000i\000\363\000n\000\040\000d\000e\000\040\000\253\000d\000e\000f\000i\000n\000e\000\273}{section.4.7}% 157
\BOOKMARK [3][-]{subsubsection.4.7.4.1}{\376\377\0004\000.\0007\000.\0004\000.\0001\000\040\000A\000D\000C\000\137\000U\000N\000I\000T}{subsection.4.7.4}% 158
\BOOKMARK [3][-]{subsubsection.4.7.4.2}{\376\377\0004\000.\0007\000.\0004\000.\0002\000\040\000B\000\137\000C\000O\000E\000F\000F\000I\000C\000I\000E\000N\000T}{subsection.4.7.4}% 159
\BOOKMARK [3][-]{subsubsection.4.7.4.3}{\376\377\0004\000.\0007\000.\0004\000.\0003\000\040\000N\000O\000M\000I\000N\000A\000L\000\137\000R\000E\000S\000I\000S\000T\000A\000N\000C\000E}{subsection.4.7.4}% 160
\BOOKMARK [3][-]{subsubsection.4.7.4.4}{\376\377\0004\000.\0007\000.\0004\000.\0004\000\040\000N\000O\000M\000I\000N\000A\000L\000\137\000T\000E\000M\000P\000E\000R\000A\000T\000U\000R\000E}{subsection.4.7.4}% 161
\BOOKMARK [3][-]{subsubsection.4.7.4.5}{\376\377\0004\000.\0007\000.\0004\000.\0005\000\040\000N\000T\000C\000\137\000P\000I\000N}{subsection.4.7.4}% 162
\BOOKMARK [3][-]{subsubsection.4.7.4.6}{\376\377\0004\000.\0007\000.\0004\000.\0006\000\040\000S\000E\000R\000I\000E\000S\000\137\000R\000E\000S\000I\000S\000T\000O\000R}{subsection.4.7.4}% 163
\BOOKMARK [2][-]{subsection.4.7.5}{\376\377\0004\000.\0007\000.\0005\000\040\000D\000o\000c\000u\000m\000e\000n\000t\000a\000c\000i\000\363\000n\000\040\000d\000e\000\040\000f\000u\000n\000c\000i\000o\000n\000e\000s}{section.4.7}% 164
\BOOKMARK [3][-]{subsubsection.4.7.5.1}{\376\377\0004\000.\0007\000.\0005\000.\0001\000\040\000n\000t\000c\000\137\000g\000e\000t\000\137\000c\000u\000r\000r\000e\000n\000t\000\137\000t\000e\000m\000p\000e\000r\000a\000t\000u\000r\000e\000\050\000\051}{subsection.4.7.5}% 165
\BOOKMARK [3][-]{subsubsection.4.7.5.2}{\376\377\0004\000.\0007\000.\0005\000.\0002\000\040\000n\000t\000c\000\137\000r\000e\000a\000d\000\137\000t\000e\000m\000p\000e\000r\000a\000t\000u\000r\000e\000\050\000\051}{subsection.4.7.5}% 166
\BOOKMARK [3][-]{subsubsection.4.7.5.3}{\376\377\0004\000.\0007\000.\0005\000.\0003\000\040\000n\000t\000c\000\137\000s\000e\000n\000s\000o\000r\000\137\000i\000n\000i\000t\000\050\000\051}{subsection.4.7.5}% 167
\BOOKMARK [3][-]{subsubsection.4.7.5.4}{\376\377\0004\000.\0007\000.\0005\000.\0004\000\040\000n\000t\000c\000\137\000s\000t\000a\000r\000t\000\137\000r\000e\000a\000d\000i\000n\000g\000\137\000t\000a\000s\000k\000\050\000\051}{subsection.4.7.5}% 168
\BOOKMARK [1][-]{section.4.8}{\376\377\0004\000.\0008\000\040\000n\000t\000c\000\137\000s\000e\000n\000s\000o\000r\000.\000h}{chapter.4}% 169
\BOOKMARK [1][-]{section.4.9}{\376\377\0004\000.\0009\000\040\000R\000e\000f\000e\000r\000e\000n\000c\000i\000a\000\040\000d\000e\000l\000\040\000a\000r\000c\000h\000i\000v\000o\000\040\000m\000a\000i\000n\000/\000p\000i\000r\000\137\000d\000r\000i\000v\000e\000r\000.\000c}{chapter.4}% 170
\BOOKMARK [2][-]{subsection.4.9.1}{\376\377\0004\000.\0009\000.\0001\000\040\000D\000e\000s\000c\000r\000i\000p\000c\000i\000\363\000n\000\040\000d\000e\000t\000a\000l\000l\000a\000d\000a}{section.4.9}% 171
\BOOKMARK [2][-]{subsection.4.9.2}{\376\377\0004\000.\0009\000.\0002\000\040\000H\000a\000r\000d\000w\000a\000r\000e}{section.4.9}% 172
\BOOKMARK [2][-]{subsection.4.9.3}{\376\377\0004\000.\0009\000.\0003\000\040\000C\000a\000r\000a\000c\000t\000e\000r\000\355\000s\000t\000i\000c\000a\000s}{section.4.9}% 173
\BOOKMARK [2][-]{subsection.4.9.4}{\376\377\0004\000.\0009\000.\0004\000\040\000A\000r\000q\000u\000i\000t\000e\000c\000t\000u\000r\000a\000\040\000d\000e\000l\000\040\000s\000i\000s\000t\000e\000m\000a}{section.4.9}% 174
\BOOKMARK [2][-]{subsection.4.9.5}{\376\377\0004\000.\0009\000.\0005\000\040\000U\000s\000o\000\040\000e\000n\000\040\000e\000l\000\040\000s\000i\000s\000t\000e\000m\000a}{section.4.9}% 175
\BOOKMARK [2][-]{subsection.4.9.6}{\376\377\0004\000.\0009\000.\0006\000\040\000D\000o\000c\000u\000m\000e\000n\000t\000a\000c\000i\000\363\000n\000\040\000d\000e\000\040\000f\000u\000n\000c\000i\000o\000n\000e\000s}{section.4.9}% 176
\BOOKMARK [3][-]{subsubsection.4.9.6.1}{\376\377\0004\000.\0009\000.\0006\000.\0001\000\040\000p\000i\000r\000\137\000i\000n\000i\000t\000\050\000\051}{subsection.4.9.6}% 177
\BOOKMARK [3][-]{subsubsection.4.9.6.2}{\376\377\0004\000.\0009\000.\0006\000.\0002\000\040\000p\000i\000r\000\137\000i\000s\000\137\000m\000o\000t\000i\000o\000n\000\137\000a\000c\000t\000i\000v\000e\000\050\000\051}{subsection.4.9.6}% 178
\BOOKMARK [3][-]{subsubsection.4.9.6.3}{\376\377\0004\000.\0009\000.\0006\000.\0003\000\040\000p\000i\000r\000\137\000i\000s\000r\000\137\000h\000a\000n\000d\000l\000e\000r\000\050\000\051}{subsection.4.9.6}% 179
\BOOKMARK [2][-]{subsection.4.9.7}{\376\377\0004\000.\0009\000.\0007\000\040\000D\000o\000c\000u\000m\000e\000n\000t\000a\000c\000i\000\363\000n\000\040\000d\000e\000\040\000v\000a\000r\000i\000a\000b\000l\000e\000s}{section.4.9}% 180
\BOOKMARK [3][-]{subsubsection.4.9.7.1}{\376\377\0004\000.\0009\000.\0007\000.\0001\000\040\000s\000\137\000p\000i\000r\000\137\000e\000v\000t\000\137\000q\000u\000e\000u\000e}{subsection.4.9.7}% 181
\BOOKMARK [3][-]{subsubsection.4.9.7.2}{\376\377\0004\000.\0009\000.\0007\000.\0002\000\040\000s\000\137\000p\000i\000r\000\137\000g\000p\000i\000o}{subsection.4.9.7}% 182
\BOOKMARK [3][-]{subsubsection.4.9.7.3}{\376\377\0004\000.\0009\000.\0007\000.\0003\000\040\000s\000\137\000p\000i\000r\000\137\000i\000n\000i\000t\000i\000a\000l\000i\000z\000e\000d}{subsection.4.9.7}% 183
\BOOKMARK [3][-]{subsubsection.4.9.7.4}{\376\377\0004\000.\0009\000.\0007\000.\0004\000\040\000T\000A\000G}{subsection.4.9.7}% 184
\BOOKMARK [1][-]{section.4.10}{\376\377\0004\000.\0001\0000\000\040\000R\000e\000f\000e\000r\000e\000n\000c\000i\000a\000\040\000d\000e\000l\000\040\000a\000r\000c\000h\000i\000v\000o\000\040\000m\000a\000i\000n\000/\000p\000i\000r\000\137\000d\000r\000i\000v\000e\000r\000.\000h}{chapter.4}% 185
\BOOKMARK [2][-]{subsection.4.10.1}{\376\377\0004\000.\0001\0000\000.\0001\000\040\000D\000e\000s\000c\000r\000i\000p\000c\000i\000\363\000n\000\040\000d\000e\000t\000a\000l\000l\000a\000d\000a}{section.4.10}% 186
\BOOKMARK [2][-]{subsection.4.10.2}{\376\377\0004\000.\0001\0000\000.\0002\000\040\000H\000a\000r\000d\000w\000a\000r\000e}{section.4.10}% 187
\BOOKMARK [2][-]{subsection.4.10.3}{\376\377\0004\000.\0001\0000\000.\0003\000\040\000C\000a\000r\000a\000c\000t\000e\000r\000\355\000s\000t\000i\000c\000a\000s}{section.4.10}% 188
\BOOKMARK [2][-]{subsection.4.10.4}{\376\377\0004\000.\0001\0000\000.\0004\000\040\000U\000s\000o\000\040\000e\000n\000\040\000e\000l\000\040\000s\000i\000s\000t\000e\000m\000a}{section.4.10}% 189
\BOOKMARK [2][-]{subsection.4.10.5}{\376\377\0004\000.\0001\0000\000.\0005\000\040\000D\000o\000c\000u\000m\000e\000n\000t\000a\000c\000i\000\363\000n\000\040\000d\000e\000\040\000\253\000d\000e\000f\000i\000n\000e\000\273}{section.4.10}% 190
\BOOKMARK [3][-]{subsubsection.4.10.5.1}{\376\377\0004\000.\0001\0000\000.\0005\000.\0001\000\040\000P\000I\000R\000\137\000G\000P\000I\000O\000\137\000P\000I\000N}{subsection.4.10.5}% 191
\BOOKMARK [2][-]{subsection.4.10.6}{\376\377\0004\000.\0001\0000\000.\0006\000\040\000D\000o\000c\000u\000m\000e\000n\000t\000a\000c\000i\000\363\000n\000\040\000d\000e\000\040\000f\000u\000n\000c\000i\000o\000n\000e\000s}{section.4.10}% 192
\BOOKMARK [3][-]{subsubsection.4.10.6.1}{\376\377\0004\000.\0001\0000\000.\0006\000.\0001\000\040\000p\000i\000r\000\137\000i\000n\000i\000t\000\050\000\051}{subsection.4.10.6}% 193
\BOOKMARK [3][-]{subsubsection.4.10.6.2}{\376\377\0004\000.\0001\0000\000.\0006\000.\0002\000\040\000p\000i\000r\000\137\000i\000s\000\137\000m\000o\000t\000i\000o\000n\000\137\000a\000c\000t\000i\000v\000e\000\050\000\051}{subsection.4.10.6}% 194
\BOOKMARK [1][-]{section.4.11}{\376\377\0004\000.\0001\0001\000\040\000p\000i\000r\000\137\000d\000r\000i\000v\000e\000r\000.\000h}{chapter.4}% 195
\BOOKMARK [1][-]{section.4.12}{\376\377\0004\000.\0001\0002\000\040\000R\000e\000f\000e\000r\000e\000n\000c\000i\000a\000\040\000d\000e\000l\000\040\000a\000r\000c\000h\000i\000v\000o\000\040\000m\000a\000i\000n\000/\000r\000e\000g\000i\000s\000t\000r\000o\000s\000.\000c}{chapter.4}% 196
\BOOKMARK [2][-]{subsection.4.12.1}{\376\377\0004\000.\0001\0002\000.\0001\000\040\000D\000e\000s\000c\000r\000i\000p\000c\000i\000\363\000n\000\040\000d\000e\000t\000a\000l\000l\000a\000d\000a}{section.4.12}% 197
\BOOKMARK [2][-]{subsection.4.12.2}{\376\377\0004\000.\0001\0002\000.\0002\000\040\000F\000u\000n\000c\000i\000o\000n\000a\000l\000i\000d\000a\000d\000e\000s}{section.4.12}% 198
\BOOKMARK [2][-]{subsection.4.12.3}{\376\377\0004\000.\0001\0002\000.\0003\000\040\000U\000s\000o\000\040\000e\000n\000\040\000e\000l\000\040\000s\000i\000s\000t\000e\000m\000a}{section.4.12}% 199
\BOOKMARK [2][-]{subsection.4.12.4}{\376\377\0004\000.\0001\0002\000.\0004\000\040\000F\000o\000r\000m\000a\000t\000o\000\040\000d\000e\000\040\000r\000e\000g\000i\000s\000t\000r\000o}{section.4.12}% 200
\BOOKMARK [2][-]{subsection.4.12.5}{\376\377\0004\000.\0001\0002\000.\0005\000\040\000D\000o\000c\000u\000m\000e\000n\000t\000a\000c\000i\000\363\000n\000\040\000d\000e\000\040\000f\000u\000n\000c\000i\000o\000n\000e\000s}{section.4.12}% 201
\BOOKMARK [3][-]{subsubsection.4.12.5.1}{\376\377\0004\000.\0001\0002\000.\0005\000.\0001\000\040\000a\000g\000r\000e\000g\000a\000r\000\137\000r\000e\000g\000i\000s\000t\000r\000o\000\050\000\051}{subsection.4.12.5}% 202
\BOOKMARK [3][-]{subsubsection.4.12.5.2}{\376\377\0004\000.\0001\0002\000.\0005\000.\0002\000\040\000c\000r\000e\000a\000r\000\137\000a\000r\000c\000h\000i\000v\000o\000\137\000s\000i\000\137\000n\000o\000\137\000e\000x\000i\000s\000t\000e\000\050\000\051}{subsection.4.12.5}% 203
\BOOKMARK [3][-]{subsubsection.4.12.5.3}{\376\377\0004\000.\0001\0002\000.\0005\000.\0003\000\040\000g\000e\000t\000\137\000t\000i\000m\000e\000\137\000m\000s\000\050\000\051}{subsection.4.12.5}% 204
\BOOKMARK [3][-]{subsubsection.4.12.5.4}{\376\377\0004\000.\0001\0002\000.\0005\000.\0004\000\040\000l\000e\000e\000r\000\137\000r\000e\000g\000i\000s\000t\000r\000o\000s\000\137\000j\000s\000o\000n\000\050\000\051}{subsection.4.12.5}% 205
\BOOKMARK [3][-]{subsubsection.4.12.5.5}{\376\377\0004\000.\0001\0002\000.\0005\000.\0005\000\040\000n\000o\000r\000m\000a\000l\000i\000z\000a\000r\000\137\000d\000i\000a\000\050\000\051}{subsection.4.12.5}% 206
\BOOKMARK [3][-]{subsubsection.4.12.5.6}{\376\377\0004\000.\0001\0002\000.\0005\000.\0006\000\040\000v\000e\000r\000i\000f\000i\000c\000a\000r\000\137\000r\000e\000g\000i\000s\000t\000r\000o\000\137\000a\000c\000t\000i\000v\000o\000\050\000\051}{subsection.4.12.5}% 207
\BOOKMARK [2][-]{subsection.4.12.6}{\376\377\0004\000.\0001\0002\000.\0006\000\040\000D\000o\000c\000u\000m\000e\000n\000t\000a\000c\000i\000\363\000n\000\040\000d\000e\000\040\000v\000a\000r\000i\000a\000b\000l\000e\000s}{section.4.12}% 208
\BOOKMARK [3][-]{subsubsection.4.12.6.1}{\376\377\0004\000.\0001\0002\000.\0006\000.\0001\000\040\000T\000A\000G}{subsection.4.12.6}% 209
\BOOKMARK [1][-]{section.4.13}{\376\377\0004\000.\0001\0003\000\040\000R\000e\000f\000e\000r\000e\000n\000c\000i\000a\000\040\000d\000e\000l\000\040\000a\000r\000c\000h\000i\000v\000o\000\040\000m\000a\000i\000n\000/\000r\000e\000g\000i\000s\000t\000r\000o\000s\000.\000h}{chapter.4}% 210
\BOOKMARK [2][-]{subsection.4.13.1}{\376\377\0004\000.\0001\0003\000.\0001\000\040\000D\000e\000s\000c\000r\000i\000p\000c\000i\000\363\000n\000\040\000d\000e\000t\000a\000l\000l\000a\000d\000a}{section.4.13}% 211
\BOOKMARK [2][-]{subsection.4.13.2}{\376\377\0004\000.\0001\0003\000.\0002\000\040\000U\000s\000o\000\040\000e\000n\000\040\000e\000l\000\040\000s\000i\000s\000t\000e\000m\000a}{section.4.13}% 212
\BOOKMARK [2][-]{subsection.4.13.3}{\376\377\0004\000.\0001\0003\000.\0003\000\040\000F\000o\000r\000m\000a\000t\000o\000\040\000d\000e\000\040\000r\000e\000g\000i\000s\000t\000r\000o}{section.4.13}% 213
\BOOKMARK [2][-]{subsection.4.13.4}{\376\377\0004\000.\0001\0003\000.\0004\000\040\000D\000o\000c\000u\000m\000e\000n\000t\000a\000c\000i\000\363\000n\000\040\000d\000e\000\040\000f\000u\000n\000c\000i\000o\000n\000e\000s}{section.4.13}% 214
\BOOKMARK [3][-]{subsubsection.4.13.4.1}{\376\377\0004\000.\0001\0003\000.\0004\000.\0001\000\040\000a\000g\000r\000e\000g\000a\000r\000\137\000r\000e\000g\000i\000s\000t\000r\000o\000\050\000\051}{subsection.4.13.4}% 215
\BOOKMARK [3][-]{subsubsection.4.13.4.2}{\376\377\0004\000.\0001\0003\000.\0004\000.\0002\000\040\000c\000r\000e\000a\000r\000\137\000a\000r\000c\000h\000i\000v\000o\000\137\000s\000i\000\137\000n\000o\000\137\000e\000x\000i\000s\000t\000e\000\050\000\051}{subsection.4.13.4}% 216
\BOOKMARK [3][-]{subsubsection.4.13.4.3}{\376\377\0004\000.\0001\0003\000.\0004\000.\0003\000\040\000l\000e\000e\000r\000\137\000r\000e\000g\000i\000s\000t\000r\000o\000s\000\137\000j\000s\000o\000n\000\050\000\051}{subsection.4.13.4}% 217
\BOOKMARK [3][-]{subsubsection.4.13.4.4}{\376\377\0004\000.\0001\0003\000.\0004\000.\0004\000\040\000v\000e\000r\000i\000f\000i\000c\000a\000r\000\137\000r\000e\000g\000i\000s\000t\000r\000o\000\137\000a\000c\000t\000i\000v\000o\000\050\000\051}{subsection.4.13.4}% 218
\BOOKMARK [1][-]{section.4.14}{\376\377\0004\000.\0001\0004\000\040\000r\000e\000g\000i\000s\000t\000r\000o\000s\000.\000h}{chapter.4}% 219
\BOOKMARK [1][-]{section.4.15}{\376\377\0004\000.\0001\0005\000\040\000R\000e\000f\000e\000r\000e\000n\000c\000i\000a\000\040\000d\000e\000l\000\040\000a\000r\000c\000h\000i\000v\000o\000\040\000m\000a\000i\000n\000/\000r\000g\000b\000\137\000l\000e\000d\000.\000c}{chapter.4}% 220
\BOOKMARK [2][-]{subsection.4.15.1}{\376\377\0004\000.\0001\0005\000.\0001\000\040\000D\000e\000s\000c\000r\000i\000p\000c\000i\000\363\000n\000\040\000d\000e\000t\000a\000l\000l\000a\000d\000a}{section.4.15}% 221
\BOOKMARK [2][-]{subsection.4.15.2}{\376\377\0004\000.\0001\0005\000.\0002\000\040\000H\000a\000r\000d\000w\000a\000r\000e}{section.4.15}% 222
\BOOKMARK [2][-]{subsection.4.15.3}{\376\377\0004\000.\0001\0005\000.\0003\000\040\000C\000a\000r\000a\000c\000t\000e\000r\000\355\000s\000t\000i\000c\000a\000s}{section.4.15}% 223
\BOOKMARK [2][-]{subsection.4.15.4}{\376\377\0004\000.\0001\0005\000.\0004\000\040\000D\000o\000c\000u\000m\000e\000n\000t\000a\000c\000i\000\363\000n\000\040\000d\000e\000\040\000\253\000d\000e\000f\000i\000n\000e\000\273}{section.4.15}% 224
\BOOKMARK [3][-]{subsubsection.4.15.4.1}{\376\377\0004\000.\0001\0005\000.\0004\000.\0001\000\040\000G\000P\000I\000O\000\137\000G\000R\000E\000E\000N}{subsection.4.15.4}% 225
\BOOKMARK [3][-]{subsubsection.4.15.4.2}{\376\377\0004\000.\0001\0005\000.\0004\000.\0002\000\040\000L\000E\000D\000C\000\137\000C\000H\000A\000N\000N\000E\000L\000\137\000G}{subsection.4.15.4}% 226
\BOOKMARK [3][-]{subsubsection.4.15.4.3}{\376\377\0004\000.\0001\0005\000.\0004\000.\0003\000\040\000L\000E\000D\000C\000\137\000D\000U\000T\000Y\000\137\000R\000E\000S}{subsection.4.15.4}% 227
\BOOKMARK [3][-]{subsubsection.4.15.4.4}{\376\377\0004\000.\0001\0005\000.\0004\000.\0004\000\040\000L\000E\000D\000C\000\137\000F\000R\000E\000Q\000U\000E\000N\000C\000Y}{subsection.4.15.4}% 228
\BOOKMARK [3][-]{subsubsection.4.15.4.5}{\376\377\0004\000.\0001\0005\000.\0004\000.\0005\000\040\000L\000E\000D\000C\000\137\000M\000O\000D\000E}{subsection.4.15.4}% 229
\BOOKMARK [3][-]{subsubsection.4.15.4.6}{\376\377\0004\000.\0001\0005\000.\0004\000.\0006\000\040\000L\000E\000D\000C\000\137\000T\000I\000M\000E\000R}{subsection.4.15.4}% 230
\BOOKMARK [2][-]{subsection.4.15.5}{\376\377\0004\000.\0001\0005\000.\0005\000\040\000D\000o\000c\000u\000m\000e\000n\000t\000a\000c\000i\000\363\000n\000\040\000d\000e\000\040\000f\000u\000n\000c\000i\000o\000n\000e\000s}{section.4.15}% 231
\BOOKMARK [3][-]{subsubsection.4.15.5.1}{\376\377\0004\000.\0001\0005\000.\0005\000.\0001\000\040\000r\000g\000b\000\137\000l\000e\000d\000\137\000i\000n\000i\000t\000\050\000\051}{subsection.4.15.5}% 232
\BOOKMARK [3][-]{subsubsection.4.15.5.2}{\376\377\0004\000.\0001\0005\000.\0005\000.\0002\000\040\000r\000g\000b\000\137\000s\000e\000t\000\137\000g\000r\000e\000e\000n\000\137\000p\000e\000r\000c\000e\000n\000t\000\050\000\051}{subsection.4.15.5}% 233
\BOOKMARK [2][-]{subsection.4.15.6}{\376\377\0004\000.\0001\0005\000.\0006\000\040\000D\000o\000c\000u\000m\000e\000n\000t\000a\000c\000i\000\363\000n\000\040\000d\000e\000\040\000v\000a\000r\000i\000a\000b\000l\000e\000s}{section.4.15}% 234
\BOOKMARK [3][-]{subsubsection.4.15.6.1}{\376\377\0004\000.\0001\0005\000.\0006\000.\0001\000\040\000r\000g\000b\000\137\000l\000e\000d\000\137\000i\000n\000i\000t\000i\000a\000l\000i\000z\000e\000d}{subsection.4.15.6}% 235
\BOOKMARK [3][-]{subsubsection.4.15.6.2}{\376\377\0004\000.\0001\0005\000.\0006\000.\0002\000\040\000T\000A\000G}{subsection.4.15.6}% 236
\BOOKMARK [1][-]{section.4.16}{\376\377\0004\000.\0001\0006\000\040\000R\000e\000f\000e\000r\000e\000n\000c\000i\000a\000\040\000d\000e\000l\000\040\000a\000r\000c\000h\000i\000v\000o\000\040\000m\000a\000i\000n\000/\000r\000g\000b\000\137\000l\000e\000d\000.\000h}{chapter.4}% 237
\BOOKMARK [2][-]{subsection.4.16.1}{\376\377\0004\000.\0001\0006\000.\0001\000\040\000D\000e\000s\000c\000r\000i\000p\000c\000i\000\363\000n\000\040\000d\000e\000t\000a\000l\000l\000a\000d\000a}{section.4.16}% 238
\BOOKMARK [2][-]{subsection.4.16.2}{\376\377\0004\000.\0001\0006\000.\0002\000\040\000H\000a\000r\000d\000w\000a\000r\000e}{section.4.16}% 239
\BOOKMARK [2][-]{subsection.4.16.3}{\376\377\0004\000.\0001\0006\000.\0003\000\040\000C\000a\000r\000a\000c\000t\000e\000r\000\355\000s\000t\000i\000c\000a\000s}{section.4.16}% 240
\BOOKMARK [2][-]{subsection.4.16.4}{\376\377\0004\000.\0001\0006\000.\0004\000\040\000D\000o\000c\000u\000m\000e\000n\000t\000a\000c\000i\000\363\000n\000\040\000d\000e\000\040\000f\000u\000n\000c\000i\000o\000n\000e\000s}{section.4.16}% 241
\BOOKMARK [3][-]{subsubsection.4.16.4.1}{\376\377\0004\000.\0001\0006\000.\0004\000.\0001\000\040\000r\000g\000b\000\137\000l\000e\000d\000\137\000i\000n\000i\000t\000\050\000\051}{subsection.4.16.4}% 242
\BOOKMARK [3][-]{subsubsection.4.16.4.2}{\376\377\0004\000.\0001\0006\000.\0004\000.\0002\000\040\000r\000g\000b\000\137\000s\000e\000t\000\137\000g\000r\000e\000e\000n\000\137\000p\000e\000r\000c\000e\000n\000t\000\050\000\051}{subsection.4.16.4}% 243
\BOOKMARK [1][-]{section.4.17}{\376\377\0004\000.\0001\0007\000\040\000r\000g\000b\000\137\000l\000e\000d\000.\000h}{chapter.4}% 244
\BOOKMARK [1][-]{section.4.18}{\376\377\0004\000.\0001\0008\000\040\000R\000e\000f\000e\000r\000e\000n\000c\000i\000a\000\040\000d\000e\000l\000\040\000a\000r\000c\000h\000i\000v\000o\000\040\000m\000a\000i\000n\000/\000t\000e\000r\000m\000i\000n\000a\000l\000\137\000c\000o\000m\000m\000a\000n\000d\000s\000.\000c}{chapter.4}% 245
\BOOKMARK [2][-]{subsection.4.18.1}{\376\377\0004\000.\0001\0008\000.\0001\000\040\000D\000e\000s\000c\000r\000i\000p\000c\000i\000\363\000n\000\040\000d\000e\000t\000a\000l\000l\000a\000d\000a}{section.4.18}% 246
\BOOKMARK [2][-]{subsection.4.18.2}{\376\377\0004\000.\0001\0008\000.\0002\000\040\000F\000u\000n\000c\000i\000o\000n\000a\000l\000i\000d\000a\000d\000e\000s}{section.4.18}% 247
\BOOKMARK [2][-]{subsection.4.18.3}{\376\377\0004\000.\0001\0008\000.\0003\000\040\000A\000r\000q\000u\000i\000t\000e\000c\000t\000u\000r\000a\000\040\000d\000e\000l\000\040\000s\000i\000s\000t\000e\000m\000a}{section.4.18}% 248
\BOOKMARK [2][-]{subsection.4.18.4}{\376\377\0004\000.\0001\0008\000.\0004\000\040\000D\000o\000c\000u\000m\000e\000n\000t\000a\000c\000i\000\363\000n\000\040\000d\000e\000\040\000f\000u\000n\000c\000i\000o\000n\000e\000s}{section.4.18}% 249
\BOOKMARK [3][-]{subsubsection.4.18.4.1}{\376\377\0004\000.\0001\0008\000.\0004\000.\0001\000\040\000p\000r\000o\000c\000e\000s\000s\000\137\000t\000e\000r\000m\000i\000n\000a\000l\000\137\000c\000o\000m\000m\000a\000n\000d\000\050\000\051}{subsection.4.18.4}% 250
\BOOKMARK [3][-]{subsubsection.4.18.4.2}{\376\377\0004\000.\0001\0008\000.\0004\000.\0002\000\040\000t\000e\000r\000m\000i\000n\000a\000l\000\137\000c\000o\000m\000m\000a\000n\000d\000\137\000t\000a\000s\000k\000\050\000\051}{subsection.4.18.4}% 251
\BOOKMARK [2][-]{subsection.4.18.5}{\376\377\0004\000.\0001\0008\000.\0005\000\040\000D\000o\000c\000u\000m\000e\000n\000t\000a\000c\000i\000\363\000n\000\040\000d\000e\000\040\000v\000a\000r\000i\000a\000b\000l\000e\000s}{section.4.18}% 252
\BOOKMARK [3][-]{subsubsection.4.18.5.1}{\376\377\0004\000.\0001\0008\000.\0005\000.\0001\000\040\000T\000A\000G}{subsection.4.18.5}% 253
\BOOKMARK [1][-]{section.4.19}{\376\377\0004\000.\0001\0009\000\040\000R\000e\000f\000e\000r\000e\000n\000c\000i\000a\000\040\000d\000e\000l\000\040\000a\000r\000c\000h\000i\000v\000o\000\040\000m\000a\000i\000n\000/\000t\000e\000r\000m\000i\000n\000a\000l\000\137\000c\000o\000m\000m\000a\000n\000d\000s\000.\000h}{chapter.4}% 254
\BOOKMARK [2][-]{subsection.4.19.1}{\376\377\0004\000.\0001\0009\000.\0001\000\040\000D\000e\000s\000c\000r\000i\000p\000c\000i\000\363\000n\000\040\000d\000e\000t\000a\000l\000l\000a\000d\000a}{section.4.19}% 255
\BOOKMARK [2][-]{subsection.4.19.2}{\376\377\0004\000.\0001\0009\000.\0002\000\040\000F\000u\000n\000c\000i\000o\000n\000a\000l\000i\000d\000a\000d\000e\000s}{section.4.19}% 256
\BOOKMARK [2][-]{subsection.4.19.3}{\376\377\0004\000.\0001\0009\000.\0003\000\040\000A\000r\000q\000u\000i\000t\000e\000c\000t\000u\000r\000a\000\040\000d\000e\000l\000\040\000s\000i\000s\000t\000e\000m\000a}{section.4.19}% 257
\BOOKMARK [2][-]{subsection.4.19.4}{\376\377\0004\000.\0001\0009\000.\0004\000\040\000D\000o\000c\000u\000m\000e\000n\000t\000a\000c\000i\000\363\000n\000\040\000d\000e\000\040\000f\000u\000n\000c\000i\000o\000n\000e\000s}{section.4.19}% 258
\BOOKMARK [3][-]{subsubsection.4.19.4.1}{\376\377\0004\000.\0001\0009\000.\0004\000.\0001\000\040\000p\000r\000o\000c\000e\000s\000s\000\137\000t\000e\000r\000m\000i\000n\000a\000l\000\137\000c\000o\000m\000m\000a\000n\000d\000\050\000\051}{subsection.4.19.4}% 259
\BOOKMARK [3][-]{subsubsection.4.19.4.2}{\376\377\0004\000.\0001\0009\000.\0004\000.\0002\000\040\000t\000e\000r\000m\000i\000n\000a\000l\000\137\000c\000o\000m\000m\000a\000n\000d\000\137\000t\000a\000s\000k\000\050\000\051}{subsection.4.19.4}% 260
\BOOKMARK [1][-]{section.4.20}{\376\377\0004\000.\0002\0000\000\040\000t\000e\000r\000m\000i\000n\000a\000l\000\137\000c\000o\000m\000m\000a\000n\000d\000s\000.\000h}{chapter.4}% 261
\BOOKMARK [1][-]{section.4.21}{\376\377\0004\000.\0002\0001\000\040\000R\000e\000f\000e\000r\000e\000n\000c\000i\000a\000\040\000d\000e\000l\000\040\000a\000r\000c\000h\000i\000v\000o\000\040\000m\000a\000i\000n\000/\000t\000i\000m\000e\000\137\000s\000y\000n\000c\000.\000c}{chapter.4}% 262
\BOOKMARK [2][-]{subsection.4.21.1}{\376\377\0004\000.\0002\0001\000.\0001\000\040\000D\000e\000s\000c\000r\000i\000p\000c\000i\000\363\000n\000\040\000d\000e\000t\000a\000l\000l\000a\000d\000a}{section.4.21}% 263
\BOOKMARK [2][-]{subsection.4.21.2}{\376\377\0004\000.\0002\0001\000.\0002\000\040\000F\000u\000n\000c\000i\000o\000n\000a\000l\000i\000d\000a\000d\000e\000s}{section.4.21}% 264
\BOOKMARK [2][-]{subsection.4.21.3}{\376\377\0004\000.\0002\0001\000.\0003\000\040\000C\000a\000r\000a\000c\000t\000e\000r\000\355\000s\000t\000i\000c\000a\000s}{section.4.21}% 265
\BOOKMARK [2][-]{subsection.4.21.4}{\376\377\0004\000.\0002\0001\000.\0004\000\040\000D\000o\000c\000u\000m\000e\000n\000t\000a\000c\000i\000\363\000n\000\040\000d\000e\000\040\000f\000u\000n\000c\000i\000o\000n\000e\000s}{section.4.21}% 266
\BOOKMARK [3][-]{subsubsection.4.21.4.1}{\376\377\0004\000.\0002\0001\000.\0004\000.\0001\000\040\000c\000a\000r\000g\000a\000r\000\137\000h\000o\000r\000a\000\137\000d\000e\000s\000d\000e\000\137\000n\000v\000s\000\050\000\051}{subsection.4.21.4}% 267
\BOOKMARK [3][-]{subsubsection.4.21.4.2}{\376\377\0004\000.\0002\0001\000.\0004\000.\0002\000\040\000e\000s\000t\000a\000b\000l\000e\000c\000e\000r\000\137\000h\000o\000r\000a\000\137\000m\000a\000n\000u\000a\000l\000\050\000\051}{subsection.4.21.4}% 268
\BOOKMARK [3][-]{subsubsection.4.21.4.3}{\376\377\0004\000.\0002\0001\000.\0004\000.\0003\000\040\000g\000u\000a\000r\000d\000a\000r\000\137\000h\000o\000r\000a\000\137\000e\000n\000\137\000n\000v\000s\000\050\000\051}{subsection.4.21.4}% 269
\BOOKMARK [3][-]{subsubsection.4.21.4.4}{\376\377\0004\000.\0002\0001\000.\0004\000.\0004\000\040\000h\000o\000r\000a\000\137\000s\000i\000n\000c\000r\000o\000n\000i\000z\000a\000d\000a\000\050\000\051}{subsection.4.21.4}% 270
\BOOKMARK [3][-]{subsubsection.4.21.4.5}{\376\377\0004\000.\0002\0001\000.\0004\000.\0005\000\040\000o\000b\000t\000e\000n\000e\000r\000\137\000d\000i\000a\000\137\000a\000c\000t\000u\000a\000l\000\050\000\051}{subsection.4.21.4}% 271
\BOOKMARK [3][-]{subsubsection.4.21.4.6}{\376\377\0004\000.\0002\0001\000.\0004\000.\0006\000\040\000o\000b\000t\000e\000n\000e\000r\000\137\000h\000o\000r\000a\000\137\000a\000c\000t\000u\000a\000l\000\050\000\051}{subsection.4.21.4}% 272
\BOOKMARK [3][-]{subsubsection.4.21.4.7}{\376\377\0004\000.\0002\0001\000.\0004\000.\0007\000\040\000s\000n\000t\000p\000\137\000s\000y\000n\000c\000\137\000t\000i\000m\000e\000\137\000c\000b\000\050\000\051}{subsection.4.21.4}% 273
\BOOKMARK [3][-]{subsubsection.4.21.4.8}{\376\377\0004\000.\0002\0001\000.\0004\000.\0008\000\040\000t\000i\000m\000e\000\137\000s\000y\000n\000c\000\137\000i\000n\000i\000t\000\050\000\051}{subsection.4.21.4}% 274
\BOOKMARK [2][-]{subsection.4.21.5}{\376\377\0004\000.\0002\0001\000.\0005\000\040\000D\000o\000c\000u\000m\000e\000n\000t\000a\000c\000i\000\363\000n\000\040\000d\000e\000\040\000v\000a\000r\000i\000a\000b\000l\000e\000s}{section.4.21}% 275
\BOOKMARK [3][-]{subsubsection.4.21.5.1}{\376\377\0004\000.\0002\0001\000.\0005\000.\0001\000\040\000d\000i\000a\000s\000\137\000s\000e\000m\000a\000n\000a}{subsection.4.21.5}% 276
\BOOKMARK [3][-]{subsubsection.4.21.5.2}{\376\377\0004\000.\0002\0001\000.\0005\000.\0002\000\040\000N\000V\000S\000\137\000K\000E\000Y\000\137\000T\000I\000M\000E}{subsection.4.21.5}% 277
\BOOKMARK [3][-]{subsubsection.4.21.5.3}{\376\377\0004\000.\0002\0001\000.\0005\000.\0003\000\040\000N\000V\000S\000\137\000N\000A\000M\000E\000S\000P\000A\000C\000E}{subsection.4.21.5}% 278
\BOOKMARK [3][-]{subsubsection.4.21.5.4}{\376\377\0004\000.\0002\0001\000.\0005\000.\0004\000\040\000s\000n\000t\000p\000\137\000i\000n\000i\000t\000i\000a\000l\000i\000z\000e\000d}{subsection.4.21.5}% 279
\BOOKMARK [3][-]{subsubsection.4.21.5.5}{\376\377\0004\000.\0002\0001\000.\0005\000.\0005\000\040\000T\000A\000G}{subsection.4.21.5}% 280
\BOOKMARK [3][-]{subsubsection.4.21.5.6}{\376\377\0004\000.\0002\0001\000.\0005\000.\0006\000\040\000t\000i\000m\000e\000\137\000s\000y\000n\000c\000e\000d}{subsection.4.21.5}% 281
\BOOKMARK [1][-]{section.4.22}{\376\377\0004\000.\0002\0002\000\040\000R\000e\000f\000e\000r\000e\000n\000c\000i\000a\000\040\000d\000e\000l\000\040\000a\000r\000c\000h\000i\000v\000o\000\040\000m\000a\000i\000n\000/\000t\000i\000m\000e\000\137\000s\000y\000n\000c\000.\000h}{chapter.4}% 282
\BOOKMARK [2][-]{subsection.4.22.1}{\376\377\0004\000.\0002\0002\000.\0001\000\040\000D\000e\000s\000c\000r\000i\000p\000c\000i\000\363\000n\000\040\000d\000e\000t\000a\000l\000l\000a\000d\000a}{section.4.22}% 283
\BOOKMARK [2][-]{subsection.4.22.2}{\376\377\0004\000.\0002\0002\000.\0002\000\040\000C\000a\000r\000a\000c\000t\000e\000r\000\355\000s\000t\000i\000c\000a\000s}{section.4.22}% 284
\BOOKMARK [2][-]{subsection.4.22.3}{\376\377\0004\000.\0002\0002\000.\0003\000\040\000D\000o\000c\000u\000m\000e\000n\000t\000a\000c\000i\000\363\000n\000\040\000d\000e\000\040\000f\000u\000n\000c\000i\000o\000n\000e\000s}{section.4.22}% 285
\BOOKMARK [3][-]{subsubsection.4.22.3.1}{\376\377\0004\000.\0002\0002\000.\0003\000.\0001\000\040\000e\000s\000t\000a\000b\000l\000e\000c\000e\000r\000\137\000h\000o\000r\000a\000\137\000m\000a\000n\000u\000a\000l\000\050\000\051}{subsection.4.22.3}% 286
\BOOKMARK [3][-]{subsubsection.4.22.3.2}{\376\377\0004\000.\0002\0002\000.\0003\000.\0002\000\040\000h\000o\000r\000a\000\137\000s\000i\000n\000c\000r\000o\000n\000i\000z\000a\000d\000a\000\050\000\051}{subsection.4.22.3}% 287
\BOOKMARK [3][-]{subsubsection.4.22.3.3}{\376\377\0004\000.\0002\0002\000.\0003\000.\0003\000\040\000o\000b\000t\000e\000n\000e\000r\000\137\000d\000i\000a\000\137\000a\000c\000t\000u\000a\000l\000\050\000\051}{subsection.4.22.3}% 288
\BOOKMARK [3][-]{subsubsection.4.22.3.4}{\376\377\0004\000.\0002\0002\000.\0003\000.\0004\000\040\000o\000b\000t\000e\000n\000e\000r\000\137\000h\000o\000r\000a\000\137\000a\000c\000t\000u\000a\000l\000\050\000\051}{subsection.4.22.3}% 289
\BOOKMARK [3][-]{subsubsection.4.22.3.5}{\376\377\0004\000.\0002\0002\000.\0003\000.\0005\000\040\000t\000i\000m\000e\000\137\000s\000y\000n\000c\000\137\000i\000n\000i\000t\000\050\000\051}{subsection.4.22.3}% 290
\BOOKMARK [1][-]{section.4.23}{\376\377\0004\000.\0002\0003\000\040\000t\000i\000m\000e\000\137\000s\000y\000n\000c\000.\000h}{chapter.4}% 291
\BOOKMARK [1][-]{section.4.24}{\376\377\0004\000.\0002\0004\000\040\000R\000e\000f\000e\000r\000e\000n\000c\000i\000a\000\040\000d\000e\000l\000\040\000a\000r\000c\000h\000i\000v\000o\000\040\000m\000a\000i\000n\000/\000w\000e\000b\000\137\000s\000e\000r\000v\000e\000r\000.\000c}{chapter.4}% 292
\BOOKMARK [2][-]{subsection.4.24.1}{\376\377\0004\000.\0002\0004\000.\0001\000\040\000D\000e\000s\000c\000r\000i\000p\000c\000i\000\363\000n\000\040\000d\000e\000t\000a\000l\000l\000a\000d\000a}{section.4.24}% 293
\BOOKMARK [3][-]{subsubsection.4.24.1.1}{\376\377\0004\000.\0002\0004\000.\0001\000.\0001\000\040\000S\000i\000s\000t\000e\000m\000a\000\040\000d\000e\000\040\000a\000r\000c\000h\000i\000v\000o\000s\000\040\000S\000P\000I\000F\000F\000S}{subsection.4.24.1}% 294
\BOOKMARK [3][-]{subsubsection.4.24.1.2}{\376\377\0004\000.\0002\0004\000.\0001\000.\0002\000\040\000S\000e\000r\000v\000i\000d\000o\000r\000\040\000H\000T\000T\000P\000\040\000c\000o\000n\000\040\000m\000\372\000l\000t\000i\000p\000l\000e\000s\000\040\000r\000u\000t\000a\000s}{subsection.4.24.1}% 295
\BOOKMARK [3][-]{subsubsection.4.24.1.3}{\376\377\0004\000.\0002\0004\000.\0001\000.\0003\000\040\000S\000i\000s\000t\000e\000m\000a\000\040\000d\000e\000\040\000a\000u\000t\000e\000n\000t\000i\000c\000a\000c\000i\000\363\000n\000\040\000y\000\040\000s\000e\000s\000i\000o\000n\000e\000s}{subsection.4.24.1}% 296
\BOOKMARK [3][-]{subsubsection.4.24.1.4}{\376\377\0004\000.\0002\0004\000.\0001\000.\0004\000\040\000P\000r\000o\000c\000e\000s\000a\000m\000i\000e\000n\000t\000o\000\040\000d\000e\000\040\000c\000o\000m\000a\000n\000d\000o\000s}{subsection.4.24.1}% 297
\BOOKMARK [3][-]{subsubsection.4.24.1.5}{\376\377\0004\000.\0002\0004\000.\0001\000.\0005\000\040\000G\000e\000s\000t\000i\000\363\000n\000\040\000d\000e\000\040\000t\000e\000m\000p\000e\000r\000a\000t\000u\000r\000a}{subsection.4.24.1}% 298
\BOOKMARK [3][-]{subsubsection.4.24.1.6}{\376\377\0004\000.\0002\0004\000.\0001\000.\0006\000\040\000G\000e\000s\000t\000i\000\363\000n\000\040\000d\000e\000\040\000r\000e\000g\000i\000s\000t\000r\000o\000s\000\040\000d\000e\000\040\000h\000o\000r\000a\000r\000i\000o\000s}{subsection.4.24.1}% 299
\BOOKMARK [2][-]{subsection.4.24.2}{\376\377\0004\000.\0002\0004\000.\0002\000\040\000D\000o\000c\000u\000m\000e\000n\000t\000a\000c\000i\000\363\000n\000\040\000d\000e\000\040\000\253\000d\000e\000f\000i\000n\000e\000\273}{section.4.24}% 300
\BOOKMARK [3][-]{subsubsection.4.24.2.1}{\376\377\0004\000.\0002\0004\000.\0002\000.\0001\000\040\000C\000H\000E\000C\000K\000\137\000A\000U\000T\000H}{subsection.4.24.2}% 301
\BOOKMARK [3][-]{subsubsection.4.24.2.2}{\376\377\0004\000.\0002\0004\000.\0002\000.\0002\000\040\000C\000H\000E\000C\000K\000\137\000E\000S\000P\000\137\000O\000K}{subsection.4.24.2}% 302
\BOOKMARK [3][-]{subsubsection.4.24.2.3}{\376\377\0004\000.\0002\0004\000.\0002\000.\0003\000\040\000C\000M\000D\000\137\000R\000E\000S\000P\000O\000N\000S\000E\000\137\000M\000A\000X\000\137\000A\000T\000T\000E\000M\000P\000T\000S}{subsection.4.24.2}% 303
\BOOKMARK [3][-]{subsubsection.4.24.2.4}{\376\377\0004\000.\0002\0004\000.\0002\000.\0004\000\040\000C\000M\000D\000\137\000R\000E\000S\000P\000O\000N\000S\000E\000\137\000T\000I\000M\000E\000O\000U\000T\000\137\000M\000S}{subsection.4.24.2}% 304
\BOOKMARK [3][-]{subsubsection.4.24.2.5}{\376\377\0004\000.\0002\0004\000.\0002\000.\0005\000\040\000G\000P\000I\000O\000\137\000Q\000U\000E\000U\000E\000\137\000S\000I\000Z\000E}{subsection.4.24.2}% 305
\BOOKMARK [3][-]{subsubsection.4.24.2.6}{\376\377\0004\000.\0002\0004\000.\0002\000.\0006\000\040\000M\000A\000X\000\137\000S\000E\000S\000S\000I\000O\000N\000S}{subsection.4.24.2}% 306
\BOOKMARK [3][-]{subsubsection.4.24.2.7}{\376\377\0004\000.\0002\0004\000.\0002\000.\0007\000\040\000R\000E\000D\000I\000R\000E\000C\000T}{subsection.4.24.2}% 307
\BOOKMARK [3][-]{subsubsection.4.24.2.8}{\376\377\0004\000.\0002\0004\000.\0002\000.\0008\000\040\000S\000E\000N\000D\000\137\000J\000S\000O\000N\000\137\000R\000E\000S\000P\000O\000N\000S\000E}{subsection.4.24.2}% 308
\BOOKMARK [3][-]{subsubsection.4.24.2.9}{\376\377\0004\000.\0002\0004\000.\0002\000.\0009\000\040\000S\000E\000N\000D\000\137\000J\000S\000O\000N\000\137\000R\000E\000S\000P\000O\000N\000S\000E\000\137\000S\000T\000R}{subsection.4.24.2}% 309
\BOOKMARK [3][-]{subsubsection.4.24.2.10}{\376\377\0004\000.\0002\0004\000.\0002\000.\0001\0000\000\040\000S\000E\000S\000S\000I\000O\000N\000\137\000T\000I\000M\000E\000O\000U\000T\000\137\000M\000S}{subsection.4.24.2}% 310
\BOOKMARK [3][-]{subsubsection.4.24.2.11}{\376\377\0004\000.\0002\0004\000.\0002\000.\0001\0001\000\040\000V\000A\000L\000I\000D\000\137\000P\000A\000S\000S}{subsection.4.24.2}% 311
\BOOKMARK [3][-]{subsubsection.4.24.2.12}{\376\377\0004\000.\0002\0004\000.\0002\000.\0001\0002\000\040\000V\000A\000L\000I\000D\000\137\000U\000S\000E\000R}{subsection.4.24.2}% 312
\BOOKMARK [2][-]{subsection.4.24.3}{\376\377\0004\000.\0002\0004\000.\0003\000\040\000D\000o\000c\000u\000m\000e\000n\000t\000a\000c\000i\000\363\000n\000\040\000d\000e\000\040\000f\000u\000n\000c\000i\000o\000n\000e\000s}{section.4.24}% 313
\BOOKMARK [3][-]{subsubsection.4.24.3.1}{\376\377\0004\000.\0002\0004\000.\0003\000.\0001\000\040\000c\000m\000d\000\137\000g\000e\000t\000\137\000h\000a\000n\000d\000l\000e\000r\000\050\000\051}{subsection.4.24.3}% 314
\BOOKMARK [3][-]{subsubsection.4.24.3.2}{\376\377\0004\000.\0002\0004\000.\0003\000.\0002\000\040\000d\000a\000s\000h\000b\000o\000a\000r\000d\000\137\000g\000e\000t\000\137\000h\000a\000n\000d\000l\000e\000r\000\050\000\051}{subsection.4.24.3}% 315
\BOOKMARK [3][-]{subsubsection.4.24.3.3}{\376\377\0004\000.\0002\0004\000.\0003\000.\0003\000\040\000e\000x\000t\000r\000a\000c\000t\000\137\000f\000o\000r\000m\000\137\000p\000a\000r\000a\000m\000\050\000\051}{subsection.4.24.3}% 316
\BOOKMARK [3][-]{subsubsection.4.24.3.4}{\376\377\0004\000.\0002\0004\000.\0003\000.\0004\000\040\000f\000a\000n\000\137\000d\000i\000a\000g\000n\000o\000s\000t\000i\000c\000\137\000g\000e\000t\000\137\000h\000a\000n\000d\000l\000e\000r\000\050\000\051}{subsection.4.24.3}% 317
\BOOKMARK [3][-]{subsubsection.4.24.3.5}{\376\377\0004\000.\0002\0004\000.\0003\000.\0005\000\040\000f\000a\000n\000\137\000m\000a\000n\000u\000a\000l\000\137\000p\000o\000s\000t\000\137\000h\000a\000n\000d\000l\000e\000r\000\050\000\051}{subsection.4.24.3}% 318
\BOOKMARK [3][-]{subsubsection.4.24.3.6}{\376\377\0004\000.\0002\0004\000.\0003\000.\0006\000\040\000f\000a\000n\000\137\000m\000o\000d\000e\000\137\000p\000o\000s\000t\000\137\000h\000a\000n\000d\000l\000e\000r\000\050\000\051}{subsection.4.24.3}% 319
\BOOKMARK [3][-]{subsubsection.4.24.3.7}{\376\377\0004\000.\0002\0004\000.\0003\000.\0007\000\040\000f\000a\000n\000\137\000s\000t\000a\000t\000u\000s\000\137\000g\000e\000t\000\137\000h\000a\000n\000d\000l\000e\000r\000\050\000\051}{subsection.4.24.3}% 320
\BOOKMARK [3][-]{subsubsection.4.24.3.8}{\376\377\0004\000.\0002\0004\000.\0003\000.\0008\000\040\000f\000a\000v\000i\000c\000o\000n\000\137\000g\000e\000t\000\137\000h\000a\000n\000d\000l\000e\000r\000\050\000\051}{subsection.4.24.3}% 321
\BOOKMARK [3][-]{subsubsection.4.24.3.9}{\376\377\0004\000.\0002\0004\000.\0003\000.\0009\000\040\000f\000i\000n\000d\000\137\000o\000r\000\137\000c\000r\000e\000a\000t\000e\000\137\000s\000e\000s\000s\000i\000o\000n\000\050\000\051}{subsection.4.24.3}% 322
\BOOKMARK [3][-]{subsubsection.4.24.3.10}{\376\377\0004\000.\0002\0004\000.\0003\000.\0001\0000\000\040\000g\000e\000t\000\137\000c\000l\000i\000e\000n\000t\000\137\000i\000p\000\050\000\051}{subsection.4.24.3}% 323
\BOOKMARK [3][-]{subsubsection.4.24.3.11}{\376\377\0004\000.\0002\0004\000.\0003\000.\0001\0001\000\040\000g\000e\000t\000\137\000t\000i\000m\000e\000\137\000m\000s\000\050\000\051}{subsection.4.24.3}% 324
\BOOKMARK [3][-]{subsubsection.4.24.3.12}{\376\377\0004\000.\0002\0004\000.\0003\000.\0001\0002\000\040\000g\000p\000i\000o\000\137\000c\000o\000m\000m\000a\000n\000d\000\137\000t\000a\000s\000k\000\137\000w\000r\000a\000p\000p\000e\000r\000\050\000\051}{subsection.4.24.3}% 325
\BOOKMARK [3][-]{subsubsection.4.24.3.13}{\376\377\0004\000.\0002\0004\000.\0003\000.\0001\0003\000\040\000i\000n\000i\000t\000\137\000s\000p\000i\000f\000f\000s\000\050\000\051}{subsection.4.24.3}% 326
\BOOKMARK [3][-]{subsubsection.4.24.3.14}{\376\377\0004\000.\0002\0004\000.\0003\000.\0001\0004\000\040\000i\000s\000\137\000a\000u\000t\000h\000e\000n\000t\000i\000c\000a\000t\000e\000d\000\050\000\051}{subsection.4.24.3}% 327
\BOOKMARK [3][-]{subsubsection.4.24.3.15}{\376\377\0004\000.\0002\0004\000.\0003\000.\0001\0005\000\040\000l\000o\000g\000i\000n\000\137\000p\000o\000s\000t\000\137\000h\000a\000n\000d\000l\000e\000r\000\050\000\051}{subsection.4.24.3}% 328
\BOOKMARK [3][-]{subsubsection.4.24.3.16}{\376\377\0004\000.\0002\0004\000.\0003\000.\0001\0006\000\040\000l\000o\000g\000o\000u\000t\000\137\000g\000e\000t\000\137\000h\000a\000n\000d\000l\000e\000r\000\050\000\051}{subsection.4.24.3}% 329
\BOOKMARK [3][-]{subsubsection.4.24.3.17}{\376\377\0004\000.\0002\0004\000.\0003\000.\0001\0007\000\040\000p\000i\000r\000\137\000s\000t\000a\000t\000u\000s\000\137\000g\000e\000t\000\137\000h\000a\000n\000d\000l\000e\000r\000\050\000\051}{subsection.4.24.3}% 330
\BOOKMARK [3][-]{subsubsection.4.24.3.18}{\376\377\0004\000.\0002\0004\000.\0003\000.\0001\0008\000\040\000r\000e\000g\000i\000s\000t\000e\000r\000\137\000h\000t\000t\000p\000\137\000r\000o\000u\000t\000e\000s\000\050\000\051}{subsection.4.24.3}% 331
\BOOKMARK [3][-]{subsubsection.4.24.3.19}{\376\377\0004\000.\0002\0004\000.\0003\000.\0001\0009\000\040\000r\000e\000g\000i\000s\000t\000r\000o\000s\000\137\000g\000e\000t\000\137\000h\000a\000n\000d\000l\000e\000r\000\050\000\051}{subsection.4.24.3}% 332
\BOOKMARK [3][-]{subsubsection.4.24.3.20}{\376\377\0004\000.\0002\0004\000.\0003\000.\0002\0000\000\040\000r\000e\000g\000i\000s\000t\000r\000o\000s\000\137\000p\000o\000s\000t\000\137\000h\000a\000n\000d\000l\000e\000r\000\050\000\051}{subsection.4.24.3}% 333
\BOOKMARK [3][-]{subsubsection.4.24.3.21}{\376\377\0004\000.\0002\0004\000.\0003\000.\0002\0001\000\040\000r\000o\000o\000t\000\137\000g\000e\000t\000\137\000h\000a\000n\000d\000l\000e\000r\000\050\000\051}{subsection.4.24.3}% 334
\BOOKMARK [3][-]{subsubsection.4.24.3.22}{\376\377\0004\000.\0002\0004\000.\0003\000.\0002\0002\000\040\000s\000c\000r\000i\000p\000t\000\137\000g\000e\000t\000\137\000h\000a\000n\000d\000l\000e\000r\000\050\000\051}{subsection.4.24.3}% 335
\BOOKMARK [3][-]{subsubsection.4.24.3.23}{\376\377\0004\000.\0002\0004\000.\0003\000.\0002\0003\000\040\000s\000e\000n\000d\000\137\000f\000i\000l\000e\000\137\000f\000r\000o\000m\000\137\000s\000p\000i\000f\000f\000s\000\050\000\051}{subsection.4.24.3}% 336
\BOOKMARK [3][-]{subsubsection.4.24.3.24}{\376\377\0004\000.\0002\0004\000.\0003\000.\0002\0004\000\040\000s\000e\000s\000s\000i\000o\000n\000\137\000m\000a\000n\000a\000g\000e\000m\000e\000n\000t\000\137\000t\000a\000s\000k\000\050\000\051}{subsection.4.24.3}% 337
\BOOKMARK [3][-]{subsubsection.4.24.3.25}{\376\377\0004\000.\0002\0004\000.\0003\000.\0002\0005\000\040\000s\000l\000i\000d\000e\000r\000\137\000g\000e\000t\000\137\000h\000a\000n\000d\000l\000e\000r\000\050\000\051}{subsection.4.24.3}% 338
\BOOKMARK [3][-]{subsubsection.4.24.3.26}{\376\377\0004\000.\0002\0004\000.\0003\000.\0002\0006\000\040\000s\000t\000a\000r\000t\000\137\000w\000e\000b\000s\000e\000r\000v\000e\000r\000\050\000\051}{subsection.4.24.3}% 339
\BOOKMARK [3][-]{subsubsection.4.24.3.27}{\376\377\0004\000.\0002\0004\000.\0003\000.\0002\0007\000\040\000s\000t\000r\000\137\000t\000o\000\137\000l\000o\000w\000e\000r\000\050\000\051}{subsection.4.24.3}% 340
\BOOKMARK [3][-]{subsubsection.4.24.3.28}{\376\377\0004\000.\0002\0004\000.\0003\000.\0002\0008\000\040\000s\000t\000y\000l\000e\000\137\000g\000e\000t\000\137\000h\000a\000n\000d\000l\000e\000r\000\050\000\051}{subsection.4.24.3}% 341
\BOOKMARK [3][-]{subsubsection.4.24.3.29}{\376\377\0004\000.\0002\0004\000.\0003\000.\0002\0009\000\040\000t\000e\000m\000p\000e\000r\000a\000t\000u\000r\000e\000\137\000g\000e\000t\000\137\000h\000a\000n\000d\000l\000e\000r\000\050\000\051}{subsection.4.24.3}% 342
\BOOKMARK [3][-]{subsubsection.4.24.3.30}{\376\377\0004\000.\0002\0004\000.\0003\000.\0003\0000\000\040\000t\000e\000r\000m\000i\000n\000a\000l\000\137\000g\000e\000t\000\137\000h\000a\000n\000d\000l\000e\000r\000\050\000\051}{subsection.4.24.3}% 343
\BOOKMARK [3][-]{subsubsection.4.24.3.31}{\376\377\0004\000.\0002\0004\000.\0003\000.\0003\0001\000\040\000t\000i\000m\000e\000\137\000s\000e\000t\000\137\000p\000o\000s\000t\000\137\000h\000a\000n\000d\000l\000e\000r\000\050\000\051}{subsection.4.24.3}% 344
\BOOKMARK [3][-]{subsubsection.4.24.3.32}{\376\377\0004\000.\0002\0004\000.\0003\000.\0003\0002\000\040\000u\000r\000l\000\137\000d\000e\000c\000o\000d\000e\000\050\000\051}{subsection.4.24.3}% 345
\BOOKMARK [3][-]{subsubsection.4.24.3.33}{\376\377\0004\000.\0002\0004\000.\0003\000.\0003\0003\000\040\000v\000e\000r\000i\000f\000y\000\137\000s\000p\000i\000f\000f\000s\000\137\000f\000i\000l\000e\000s\000\050\000\051}{subsection.4.24.3}% 346
\BOOKMARK [2][-]{subsection.4.24.4}{\376\377\0004\000.\0002\0004\000.\0004\000\040\000D\000o\000c\000u\000m\000e\000n\000t\000a\000c\000i\000\363\000n\000\040\000d\000e\000\040\000v\000a\000r\000i\000a\000b\000l\000e\000s}{section.4.24}% 347
\BOOKMARK [3][-]{subsubsection.4.24.4.1}{\376\377\0004\000.\0002\0004\000.\0004\000.\0001\000\040\000T\000A\000G}{subsection.4.24.4}% 348
\BOOKMARK [1][-]{section.4.25}{\376\377\0004\000.\0002\0005\000\040\000R\000e\000f\000e\000r\000e\000n\000c\000i\000a\000\040\000d\000e\000l\000\040\000a\000r\000c\000h\000i\000v\000o\000\040\000m\000a\000i\000n\000/\000w\000e\000b\000\137\000s\000e\000r\000v\000e\000r\000.\000h}{chapter.4}% 349
\BOOKMARK [2][-]{subsection.4.25.1}{\376\377\0004\000.\0002\0005\000.\0001\000\040\000D\000e\000s\000c\000r\000i\000p\000c\000i\000\363\000n\000\040\000d\000e\000t\000a\000l\000l\000a\000d\000a}{section.4.25}% 350
\BOOKMARK [2][-]{subsection.4.25.2}{\376\377\0004\000.\0002\0005\000.\0002\000\040\000R\000u\000t\000a\000s\000\040\000d\000i\000s\000p\000o\000n\000i\000b\000l\000e\000s}{section.4.25}% 351
\BOOKMARK [3][-]{subsubsection.4.25.2.1}{\376\377\0004\000.\0002\0005\000.\0002\000.\0001\000\040\000P\000\341\000g\000i\000n\000a\000s\000\040\000w\000e\000b}{subsection.4.25.2}% 352
\BOOKMARK [3][-]{subsubsection.4.25.2.2}{\376\377\0004\000.\0002\0005\000.\0002\000.\0002\000\040\000S\000i\000s\000t\000e\000m\000a\000\040\000d\000e\000\040\000a\000u\000t\000e\000n\000t\000i\000c\000a\000c\000i\000\363\000n\000\040\000y\000\040\000s\000e\000s\000i\000o\000n\000e\000s}{subsection.4.25.2}% 353
\BOOKMARK [3][-]{subsubsection.4.25.2.3}{\376\377\0004\000.\0002\0005\000.\0002\000.\0003\000\040\000A\000P\000I\000\040\000R\000E\000S\000T}{subsection.4.25.2}% 354
\BOOKMARK [2][-]{subsection.4.25.3}{\376\377\0004\000.\0002\0005\000.\0003\000\040\000D\000o\000c\000u\000m\000e\000n\000t\000a\000c\000i\000\363\000n\000\040\000d\000e\000\040\000f\000u\000n\000c\000i\000o\000n\000e\000s}{section.4.25}% 355
\BOOKMARK [3][-]{subsubsection.4.25.3.1}{\376\377\0004\000.\0002\0005\000.\0003\000.\0001\000\040\000s\000t\000a\000r\000t\000\137\000w\000e\000b\000s\000e\000r\000v\000e\000r\000\050\000\051}{subsection.4.25.3}% 356
\BOOKMARK [1][-]{section.4.26}{\376\377\0004\000.\0002\0006\000\040\000w\000e\000b\000\137\000s\000e\000r\000v\000e\000r\000.\000h}{chapter.4}% 357
\BOOKMARK [1][-]{section.4.27}{\376\377\0004\000.\0002\0007\000\040\000R\000e\000f\000e\000r\000e\000n\000c\000i\000a\000\040\000d\000e\000l\000\040\000a\000r\000c\000h\000i\000v\000o\000\040\000m\000a\000i\000n\000/\000w\000i\000f\000i\000\137\000a\000p\000p\000.\000c}{chapter.4}% 358
\BOOKMARK [2][-]{subsection.4.27.1}{\376\377\0004\000.\0002\0007\000.\0001\000\040\000D\000e\000s\000c\000r\000i\000p\000c\000i\000\363\000n\000\040\000d\000e\000t\000a\000l\000l\000a\000d\000a}{section.4.27}% 359
\BOOKMARK [2][-]{subsection.4.27.2}{\376\377\0004\000.\0002\0007\000.\0002\000\040\000F\000u\000n\000c\000i\000o\000n\000a\000l\000i\000d\000a\000d\000e\000s}{section.4.27}% 360
\BOOKMARK [2][-]{subsection.4.27.3}{\376\377\0004\000.\0002\0007\000.\0003\000\040\000U\000s\000o\000\040\000e\000n\000\040\000e\000l\000\040\000s\000i\000s\000t\000e\000m\000a}{section.4.27}% 361
\BOOKMARK [2][-]{subsection.4.27.4}{\376\377\0004\000.\0002\0007\000.\0004\000\040\000D\000o\000c\000u\000m\000e\000n\000t\000a\000c\000i\000\363\000n\000\040\000d\000e\000\040\000f\000u\000n\000c\000i\000o\000n\000e\000s}{section.4.27}% 362
\BOOKMARK [3][-]{subsubsection.4.27.4.1}{\376\377\0004\000.\0002\0007\000.\0004\000.\0001\000\040\000w\000i\000f\000i\000\137\000e\000v\000e\000n\000t\000\137\000h\000a\000n\000d\000l\000e\000r\000\050\000\051}{subsection.4.27.4}% 363
\BOOKMARK [3][-]{subsubsection.4.27.4.2}{\376\377\0004\000.\0002\0007\000.\0004\000.\0002\000\040\000w\000i\000f\000i\000\137\000i\000n\000i\000t\000\137\000s\000o\000f\000t\000a\000p\000\050\000\051}{subsection.4.27.4}% 364
\BOOKMARK [3][-]{subsubsection.4.27.4.3}{\376\377\0004\000.\0002\0007\000.\0004\000.\0003\000\040\000w\000i\000f\000i\000\137\000i\000s\000\137\000c\000o\000n\000n\000e\000c\000t\000e\000d\000\050\000\051}{subsection.4.27.4}% 365
\BOOKMARK [2][-]{subsection.4.27.5}{\376\377\0004\000.\0002\0007\000.\0005\000\040\000D\000o\000c\000u\000m\000e\000n\000t\000a\000c\000i\000\363\000n\000\040\000d\000e\000\040\000v\000a\000r\000i\000a\000b\000l\000e\000s}{section.4.27}% 366
\BOOKMARK [3][-]{subsubsection.4.27.5.1}{\376\377\0004\000.\0002\0007\000.\0005\000.\0001\000\040\000s\000\137\000r\000e\000t\000r\000y\000\137\000n\000u\000m}{subsection.4.27.5}% 367
\BOOKMARK [3][-]{subsubsection.4.27.5.2}{\376\377\0004\000.\0002\0007\000.\0005\000.\0002\000\040\000T\000A\000G}{subsection.4.27.5}% 368
\BOOKMARK [3][-]{subsubsection.4.27.5.3}{\376\377\0004\000.\0002\0007\000.\0005\000.\0003\000\040\000w\000i\000f\000i\000\137\000c\000o\000n\000n\000e\000c\000t\000e\000d}{subsection.4.27.5}% 369
\BOOKMARK [1][-]{section.4.28}{\376\377\0004\000.\0002\0008\000\040\000R\000e\000f\000e\000r\000e\000n\000c\000i\000a\000\040\000d\000e\000l\000\040\000a\000r\000c\000h\000i\000v\000o\000\040\000m\000a\000i\000n\000/\000w\000i\000f\000i\000\137\000a\000p\000p\000.\000h}{chapter.4}% 370
\BOOKMARK [2][-]{subsection.4.28.1}{\376\377\0004\000.\0002\0008\000.\0001\000\040\000D\000e\000s\000c\000r\000i\000p\000c\000i\000\363\000n\000\040\000d\000e\000t\000a\000l\000l\000a\000d\000a}{section.4.28}% 371
\BOOKMARK [2][-]{subsection.4.28.2}{\376\377\0004\000.\0002\0008\000.\0002\000\040\000C\000o\000n\000f\000i\000g\000u\000r\000a\000c\000i\000\363\000n\000\040\000A\000c\000c\000e\000s\000s\000\040\000P\000o\000i\000n\000t\000\040\000\050\000S\000o\000f\000t\000A\000P\000\051}{section.4.28}% 372
\BOOKMARK [2][-]{subsection.4.28.3}{\376\377\0004\000.\0002\0008\000.\0003\000\040\000C\000o\000n\000f\000i\000g\000u\000r\000a\000c\000i\000\363\000n\000\040\000S\000t\000a\000t\000i\000o\000n\000\040\000\050\000S\000T\000A\000\051}{section.4.28}% 373
\BOOKMARK [2][-]{subsection.4.28.4}{\376\377\0004\000.\0002\0008\000.\0004\000\040\000D\000o\000c\000u\000m\000e\000n\000t\000a\000c\000i\000\363\000n\000\040\000d\000e\000\040\000\253\000d\000e\000f\000i\000n\000e\000\273}{section.4.28}% 374
\BOOKMARK [3][-]{subsubsection.4.28.4.1}{\376\377\0004\000.\0002\0008\000.\0004\000.\0001\000\040\000E\000S\000P\000\137\000W\000I\000F\000I\000\137\000C\000H\000A\000N\000N\000E\000L}{subsection.4.28.4}% 375
\BOOKMARK [3][-]{subsubsection.4.28.4.2}{\376\377\0004\000.\0002\0008\000.\0004\000.\0002\000\040\000E\000S\000P\000\137\000W\000I\000F\000I\000\137\000P\000A\000S\000S}{subsection.4.28.4}% 376
\BOOKMARK [3][-]{subsubsection.4.28.4.3}{\376\377\0004\000.\0002\0008\000.\0004\000.\0003\000\040\000E\000S\000P\000\137\000W\000I\000F\000I\000\137\000S\000S\000I\000D}{subsection.4.28.4}% 377
\BOOKMARK [3][-]{subsubsection.4.28.4.4}{\376\377\0004\000.\0002\0008\000.\0004\000.\0004\000\040\000M\000A\000X\000\137\000S\000T\000A\000\137\000C\000O\000N\000N}{subsection.4.28.4}% 378
\BOOKMARK [3][-]{subsubsection.4.28.4.5}{\376\377\0004\000.\0002\0008\000.\0004\000.\0005\000\040\000W\000I\000F\000I\000\137\000M\000A\000X\000\137\000R\000E\000T\000R\000Y}{subsection.4.28.4}% 379
\BOOKMARK [3][-]{subsubsection.4.28.4.6}{\376\377\0004\000.\0002\0008\000.\0004\000.\0006\000\040\000W\000I\000F\000I\000\137\000S\000T\000A\000\137\000P\000A\000S\000S}{subsection.4.28.4}% 380
\BOOKMARK [3][-]{subsubsection.4.28.4.7}{\376\377\0004\000.\0002\0008\000.\0004\000.\0007\000\040\000W\000I\000F\000I\000\137\000S\000T\000A\000\137\000S\000S\000I\000D}{subsection.4.28.4}% 381
\BOOKMARK [2][-]{subsection.4.28.5}{\376\377\0004\000.\0002\0008\000.\0005\000\040\000D\000o\000c\000u\000m\000e\000n\000t\000a\000c\000i\000\363\000n\000\040\000d\000e\000\040\000f\000u\000n\000c\000i\000o\000n\000e\000s}{section.4.28}% 382
\BOOKMARK [3][-]{subsubsection.4.28.5.1}{\376\377\0004\000.\0002\0008\000.\0005\000.\0001\000\040\000w\000i\000f\000i\000\137\000i\000n\000i\000t\000\137\000s\000o\000f\000t\000a\000p\000\050\000\051}{subsection.4.28.5}% 383
\BOOKMARK [3][-]{subsubsection.4.28.5.2}{\376\377\0004\000.\0002\0008\000.\0005\000.\0002\000\040\000w\000i\000f\000i\000\137\000i\000s\000\137\000c\000o\000n\000n\000e\000c\000t\000e\000d\000\050\000\051}{subsection.4.28.5}% 384
\BOOKMARK [1][-]{section.4.29}{\376\377\0004\000.\0002\0009\000\040\000w\000i\000f\000i\000\137\000a\000p\000p\000.\000h}{chapter.4}% 385
\BOOKMARK [0][-]{section*.124}{\376\377\000I\000n\000d\000e\000x}{}% 386
